This is pdfTeX, Version 3.141592653-2.6-1.40.27 (TeX Live 2025) (preloaded format=pdflatex 2026.2.15)  31 MAR 2026 14:05
entering extended mode
 restricted \write18 enabled.
 %&-line parsing enabled.
**fresh.tex
(./fresh.tex
LaTeX2e <2024-11-01> patch level 2
L3 programming layer <2025-01-18>
(./ieeeaccess.cls (./IEEEtran.cls
Document Class: IEEEtran 2015/08/26 V1.8b by Michael Shell
-- See the "IEEEtran_HOWTO" manual for usage information.
-- http://www.michaelshell.org/tex/ieeetran/
\@IEEEtrantmpdimenA=\dimen141
\@IEEEtrantmpdimenB=\dimen142
\@IEEEtrantmpdimenC=\dimen143
\@IEEEtrantmpcountA=\count196
\@IEEEtrantmpcountB=\count197
\@IEEEtrantmpcountC=\count198
\@IEEEtrantmptoksA=\toks17
LaTeX Font Info:    Trying to load font information for OT1+ptm on input line 5
03.
(/usr/local/texlive/2025/texmf-dist/tex/latex/psnfss/ot1ptm.fd
File: ot1ptm.fd 2001/06/04 font definitions for OT1/ptm.
)
-- Using 8.5in x 11in (letter) paper.
-- Using PDF output.
\@IEEEnormalsizeunitybaselineskip=\dimen144
-- This is a 10 point document.
\CLASSINFOnormalsizebaselineskip=\dimen145
\CLASSINFOnormalsizeunitybaselineskip=\dimen146
\IEEEnormaljot=\dimen147
LaTeX Font Info:    Font shape `OT1/ptm/bx/n' in size <5> not available
(Font)              Font shape `OT1/ptm/b/n' tried instead on input line 1090.
LaTeX Font Info:    Font shape `OT1/ptm/bx/it' in size <5> not available
(Font)              Font shape `OT1/ptm/b/it' tried instead on input line 1090.

LaTeX Font Info:    Font shape `OT1/ptm/bx/n' in size <7> not available
(Font)              Font shape `OT1/ptm/b/n' tried instead on input line 1090.
LaTeX Font Info:    Font shape `OT1/ptm/bx/it' in size <7> not available
(Font)              Font shape `OT1/ptm/b/it' tried instead on input line 1090.

LaTeX Font Info:    Font shape `OT1/ptm/bx/n' in size <8> not available
(Font)              Font shape `OT1/ptm/b/n' tried instead on input line 1090.
LaTeX Font Info:    Font shape `OT1/ptm/bx/it' in size <8> not available
(Font)              Font shape `OT1/ptm/b/it' tried instead on input line 1090.

LaTeX Font Info:    Font shape `OT1/ptm/bx/n' in size <9> not available
(Font)              Font shape `OT1/ptm/b/n' tried instead on input line 1090.
LaTeX Font Info:    Font shape `OT1/ptm/bx/it' in size <9> not available
(Font)              Font shape `OT1/ptm/b/it' tried instead on input line 1090.

LaTeX Font Info:    Font shape `OT1/ptm/bx/n' in size <10> not available
(Font)              Font shape `OT1/ptm/b/n' tried instead on input line 1090.
LaTeX Font Info:    Font shape `OT1/ptm/bx/it' in size <10> not available
(Font)              Font shape `OT1/ptm/b/it' tried instead on input line 1090.

LaTeX Font Info:    Font shape `OT1/ptm/bx/n' in size <11> not available
(Font)              Font shape `OT1/ptm/b/n' tried instead on input line 1090.
LaTeX Font Info:    Font shape `OT1/ptm/bx/it' in size <11> not available
(Font)              Font shape `OT1/ptm/b/it' tried instead on input line 1090.

LaTeX Font Info:    Font shape `OT1/ptm/bx/n' in size <12> not available
(Font)              Font shape `OT1/ptm/b/n' tried instead on input line 1090.
LaTeX Font Info:    Font shape `OT1/ptm/bx/it' in size <12> not available
(Font)              Font shape `OT1/ptm/b/it' tried instead on input line 1090.

LaTeX Font Info:    Font shape `OT1/ptm/bx/n' in size <17> not available
(Font)              Font shape `OT1/ptm/b/n' tried instead on input line 1090.
LaTeX Font Info:    Font shape `OT1/ptm/bx/it' in size <17> not available
(Font)              Font shape `OT1/ptm/b/it' tried instead on input line 1090.

LaTeX Font Info:    Font shape `OT1/ptm/bx/n' in size <20> not available
(Font)              Font shape `OT1/ptm/b/n' tried instead on input line 1090.
LaTeX Font Info:    Font shape `OT1/ptm/bx/it' in size <20> not available
(Font)              Font shape `OT1/ptm/b/it' tried instead on input line 1090.

LaTeX Font Info:    Font shape `OT1/ptm/bx/n' in size <24> not available
(Font)              Font shape `OT1/ptm/b/n' tried instead on input line 1090.
LaTeX Font Info:    Font shape `OT1/ptm/bx/it' in size <24> not available
(Font)              Font shape `OT1/ptm/b/it' tried instead on input line 1090.

\IEEEquantizedlength=\dimen148
\IEEEquantizedlengthdiff=\dimen149
\IEEEquantizedtextheightdiff=\dimen150
\IEEEilabelindentA=\dimen151
\IEEEilabelindentB=\dimen152
\IEEEilabelindent=\dimen153
\IEEEelabelindent=\dimen154
\IEEEdlabelindent=\dimen155
\IEEElabelindent=\dimen156
\IEEEiednormlabelsep=\dimen157
\IEEEiedmathlabelsep=\dimen158
\IEEEiedtopsep=\skip49
\c@section=\count199
\c@subsection=\count266
\c@subsubsection=\count267
\c@paragraph=\count268
\c@IEEEsubequation=\count269
\abovecaptionskip=\skip50
\belowcaptionskip=\skip51
\c@figure=\count270
\c@table=\count271
\@IEEEeqnnumcols=\count272
\@IEEEeqncolcnt=\count273
\@IEEEsubeqnnumrollback=\count274
\@IEEEquantizeheightA=\dimen159
\@IEEEquantizeheightB=\dimen160
\@IEEEquantizeheightC=\dimen161
\@IEEEquantizeprevdepth=\dimen162
\@IEEEquantizemultiple=\count275
\@IEEEquantizeboxA=\box52
\@IEEEtmpitemindent=\dimen163
\IEEEPARstartletwidth=\dimen164
\c@IEEEbiography=\count276
\@IEEEtranrubishbin=\box53
) (/usr/local/texlive/2025/texmf-dist/tex/generic/iftex/ifpdf.sty
Package: ifpdf 2019/10/25 v3.4 ifpdf legacy package. Use iftex instead.

(/usr/local/texlive/2025/texmf-dist/tex/generic/iftex/iftex.sty
Package: iftex 2024/12/12 v1.0g TeX engine tests
))
(/usr/local/texlive/2025/texmf-dist/tex/latex/xkeyval/xkeyval.sty
Package: xkeyval 2022/06/16 v2.9 package option processing (HA)

(/usr/local/texlive/2025/texmf-dist/tex/generic/xkeyval/xkeyval.tex
(/usr/local/texlive/2025/texmf-dist/tex/generic/xkeyval/xkvutils.tex
\XKV@toks=\toks18
\XKV@tempa@toks=\toks19

(/usr/local/texlive/2025/texmf-dist/tex/generic/xkeyval/keyval.tex))
\XKV@depth=\count277
File: xkeyval.tex 2014/12/03 v2.7a key=value parser (HA)
)){/usr/local/texlive/2025/texmf-var/fonts/map/pdftex/updmap/pdftex.map}

pdfTeX warning: pdflatex (file t1-times.map): cannot open font map file


pdfTeX warning: pdflatex (file t1-formata.map): cannot open font map file


pdfTeX warning: pdflatex (file t1-giovannistd.map): cannot open font map file
\@draftversionrule=\dimen165
(/usr/local/texlive/2025/texmf-dist/tex/latex/graphics/color.sty
Package: color 2024/06/23 v1.3e Standard LaTeX Color (DPC)

(/usr/local/texlive/2025/texmf-dist/tex/latex/graphics-cfg/color.cfg
File: color.cfg 2016/01/02 v1.6 sample color configuration
)
Package color Info: Driver file: pdftex.def on input line 149.

(/usr/local/texlive/2025/texmf-dist/tex/latex/graphics-def/pdftex.def
File: pdftex.def 2024/04/13 v1.2c Graphics/color driver for pdftex
)
(/usr/local/texlive/2025/texmf-dist/tex/latex/graphics/mathcolor.ltx))
(/usr/local/texlive/2025/texmf-dist/tex/latex/spotcolor/spotcolor.sty
Package: spotcolor 2006/11/15 v1.2 Package for adding Spot Color support to pdf
LaTeX.

(/usr/local/texlive/2025/texmf-dist/tex/latex/graphics/graphics.sty
Package: graphics 2024/08/06 v1.4g Standard LaTeX Graphics (DPC,SPQR)

(/usr/local/texlive/2025/texmf-dist/tex/latex/graphics/trig.sty
Package: trig 2023/12/02 v1.11 sin cos tan (DPC)
)
(/usr/local/texlive/2025/texmf-dist/tex/latex/graphics-cfg/graphics.cfg
File: graphics.cfg 2016/06/04 v1.11 sample graphics configuration
)
Package graphics Info: Driver file: pdftex.def on input line 106.
)
\thecolorprofile=\count278
\thecolor=\count279
)
\PANTONE=\toks20
Package color Info: Redefining color black on input line 133.
\figbox=\box54
\titlewidth=\skip52
\abstractwidth=\skip53
\c@addrCtr=\count280
\abstractbox=\box55
\indexbox=\box56
\absht=\dimen166
\kwdht=\dimen167
\@tempcntc=\count281
\titlepgskip=\skip54
\maketitlebox=\box57
)
(./packages.tex (/usr/local/texlive/2025/texmf-dist/tex/latex/cite/cite.sty
LaTeX Info: Redefining \cite on input line 302.
LaTeX Info: Redefining \nocite on input line 332.
Package: cite 2015/02/27  v 5.5
)
(/usr/local/texlive/2025/texmf-dist/tex/latex/base/fontenc.sty
Package: fontenc 2021/04/29 v2.0v Standard LaTeX package
LaTeX Font Info:    Trying to load font information for T1+ptm on input line 11
6.

(/usr/local/texlive/2025/texmf-dist/tex/latex/psnfss/t1ptm.fd
File: t1ptm.fd 2001/06/04 font definitions for T1/ptm.
))
(/usr/local/texlive/2025/texmf-dist/tex/latex/newtx/newtxtext.sty
Package: newtxtext 2024/04/01 v1.744(Michael Sharpe) latex and unicode latex su
pport for TeXGyreTermesX

`newtxtext' v1.744, 2024/04/01 Text macros taking advantage of TeXGyre Termes a
nd its extensions (msharpe)
(/usr/local/texlive/2025/texmf-dist/tex/latex/xpatch/xpatch.sty
(/usr/local/texlive/2025/texmf-dist/tex/latex/l3kernel/expl3.sty
Package: expl3 2025-01-18 L3 programming layer (loader) 

(/usr/local/texlive/2025/texmf-dist/tex/latex/l3backend/l3backend-pdftex.def
File: l3backend-pdftex.def 2024-05-08 L3 backend support: PDF output (pdfTeX)
\l__color_backend_stack_int=\count282
\l__pdf_internal_box=\box58
))
Package: xpatch 2020/03/25 v0.3a Extending etoolbox patching commands

(/usr/local/texlive/2025/texmf-dist/tex/latex/l3packages/xparse/xparse.sty
Package: xparse 2024-08-16 L3 Experimental document command parser
)
(/usr/local/texlive/2025/texmf-dist/tex/latex/etoolbox/etoolbox.sty
Package: etoolbox 2025/02/11 v2.5l e-TeX tools for LaTeX (JAW)
\etb@tempcnta=\count283
))
(/usr/local/texlive/2025/texmf-dist/tex/latex/xcolor/xcolor.sty
Package: xcolor 2024/09/29 v3.02 LaTeX color extensions (UK)

(/usr/local/texlive/2025/texmf-dist/tex/latex/graphics-cfg/color.cfg
File: color.cfg 2016/01/02 v1.6 sample color configuration
)
Package xcolor Info: Driver file: pdftex.def on input line 274.
LaTeX Info: Redefining \color on input line 762.

(/usr/local/texlive/2025/texmf-dist/tex/latex/graphics/mathcolor.ltx)
Package xcolor Info: Model `cmy' substituted by `cmy0' on input line 1349.
Package xcolor Info: Model `hsb' substituted by `rgb' on input line 1353.
Package xcolor Info: Model `RGB' extended on input line 1365.
Package xcolor Info: Model `HTML' substituted by `rgb' on input line 1367.
Package xcolor Info: Model `Hsb' substituted by `hsb' on input line 1368.
Package xcolor Info: Model `tHsb' substituted by `hsb' on input line 1369.
Package xcolor Info: Model `HSB' substituted by `hsb' on input line 1370.
Package xcolor Info: Model `Gray' substituted by `gray' on input line 1371.
Package xcolor Info: Model `wave' substituted by `hsb' on input line 1372.
)
(/usr/local/texlive/2025/texmf-dist/tex/latex/base/textcomp.sty
Package: textcomp 2024/04/24 v2.1b Standard LaTeX package
)
(/usr/local/texlive/2025/texmf-dist/tex/generic/xstring/xstring.sty
(/usr/local/texlive/2025/texmf-dist/tex/generic/xstring/xstring.tex
\xs_counta=\count284
\xs_countb=\count285
)
Package: xstring 2023/08/22 v1.86 String manipulations (CT)
)
(/usr/local/texlive/2025/texmf-dist/tex/latex/base/ifthen.sty
Package: ifthen 2024/03/16 v1.1e Standard LaTeX ifthen package (DPC)
)
(/usr/local/texlive/2025/texmf-dist/tex/latex/carlisle/scalefnt.sty)
LaTeX Font Info:    Setting ntxLF sub-encoding to TS1/0 on input line 24.
LaTeX Font Info:    Setting ntxTLF sub-encoding to TS1/0 on input line 24.
LaTeX Font Info:    Setting ntxOsF sub-encoding to TS1/0 on input line 24.
LaTeX Font Info:    Setting ntxTOsF sub-encoding to TS1/0 on input line 24.

(/usr/local/texlive/2025/texmf-dist/tex/generic/kastrup/binhex.tex)
\ntx@tmpcnta=\count286
\ntx@cnt=\count287

(/usr/local/texlive/2025/texmf-dist/tex/latex/fontaxes/fontaxes.sty
Package: fontaxes 2020/07/21 v1.0e Font selection axes
LaTeX Info: Redefining \upshape on input line 29.
LaTeX Info: Redefining \itshape on input line 31.
LaTeX Info: Redefining \slshape on input line 33.
LaTeX Info: Redefining \swshape on input line 35.
LaTeX Info: Redefining \scshape on input line 37.
LaTeX Info: Redefining \sscshape on input line 39.
LaTeX Info: Redefining \ulcshape on input line 41.
LaTeX Info: Redefining \textsw on input line 47.
LaTeX Info: Redefining \textssc on input line 48.
LaTeX Info: Redefining \textulc on input line 49.
)
\tx@sixem=\dimen168
\tx@y=\dimen169
\tx@x=\dimen170
\tx@tmpdima=\dimen171
\tx@tmpdimb=\dimen172
\tx@tmpdimc=\dimen173
\tx@tmpdimd=\dimen174
\tx@tmpdime=\dimen175
\tx@tmpdimf=\dimen176
\tx@dimA=\dimen177
\tx@dimAA=\dimen178
\tx@dimB=\dimen179
\tx@dimBB=\dimen180
\tx@dimC=\dimen181
LaTeX Info: Redefining \oldstylenums on input line 902.
)
(/usr/local/texlive/2025/texmf-dist/tex/latex/newtx/newtxmath.sty
Package: newtxmath 2024/09/22 v1.754

`newtxmath' v1.754, 2024/09/22 Math macros based originally on txfonts (msharpe
) (/usr/local/texlive/2025/texmf-dist/tex/latex/amsmath/amsmath.sty
Package: amsmath 2024/11/05 v2.17t AMS math features
\@mathmargin=\skip55

For additional information on amsmath, use the `?' option.
(/usr/local/texlive/2025/texmf-dist/tex/latex/amsmath/amstext.sty
Package: amstext 2021/08/26 v2.01 AMS text

(/usr/local/texlive/2025/texmf-dist/tex/latex/amsmath/amsgen.sty
File: amsgen.sty 1999/11/30 v2.0 generic functions
\@emptytoks=\toks21
\ex@=\dimen182
))
(/usr/local/texlive/2025/texmf-dist/tex/latex/amsmath/amsbsy.sty
Package: amsbsy 1999/11/29 v1.2d Bold Symbols
\pmbraise@=\dimen183
)
(/usr/local/texlive/2025/texmf-dist/tex/latex/amsmath/amsopn.sty
Package: amsopn 2022/04/08 v2.04 operator names
)
\inf@bad=\count288
LaTeX Info: Redefining \frac on input line 233.
\uproot@=\count289
\leftroot@=\count290
LaTeX Info: Redefining \overline on input line 398.
LaTeX Info: Redefining \colon on input line 409.
\classnum@=\count291
\DOTSCASE@=\count292
LaTeX Info: Redefining \ldots on input line 495.
LaTeX Info: Redefining \dots on input line 498.
LaTeX Info: Redefining \cdots on input line 619.
\Mathstrutbox@=\box59
\strutbox@=\box60
LaTeX Info: Redefining \big on input line 721.
LaTeX Info: Redefining \Big on input line 722.
LaTeX Info: Redefining \bigg on input line 723.
LaTeX Info: Redefining \Bigg on input line 724.
\big@size=\dimen184
LaTeX Font Info:    Redeclaring font encoding OML on input line 742.
LaTeX Font Info:    Redeclaring font encoding OMS on input line 743.
\macc@depth=\count293
LaTeX Info: Redefining \bmod on input line 904.
LaTeX Info: Redefining \pmod on input line 909.
LaTeX Info: Redefining \smash on input line 939.
LaTeX Info: Redefining \relbar on input line 969.
LaTeX Info: Redefining \Relbar on input line 970.
\c@MaxMatrixCols=\count294
\dotsspace@=\muskip17
\c@parentequation=\count295
\dspbrk@lvl=\count296
\tag@help=\toks22
\row@=\count297
\column@=\count298
\maxfields@=\count299
\andhelp@=\toks23
\eqnshift@=\dimen185
\alignsep@=\dimen186
\tagshift@=\dimen187
\tagwidth@=\dimen188
\totwidth@=\dimen189
\lineht@=\dimen190
\@envbody=\toks24
\multlinegap=\skip56
\multlinetaggap=\skip57
\mathdisplay@stack=\toks25
LaTeX Info: Redefining \[ on input line 2953.
LaTeX Info: Redefining \] on input line 2954.
)
(/usr/local/texlive/2025/texmf-dist/tex/latex/oberdiek/centernot.sty
Package: centernot 2016/05/16 v1.4 Centers the not symbol horizontally (HO)
)
\tx@cntz=\count300

(/usr/local/texlive/2025/texmf-dist/tex/generic/kastrup/binhex.tex)
\tx@Isdigit=\count301
\tx@IsAlNum=\count302
\tx@tA=\toks26
\tx@tB=\toks27
\tx@su=\read2

amsthm NOT loaded
LaTeX Font Info:    Redeclaring symbol font `operators' on input line 402.
LaTeX Font Info:    Overwriting symbol font `operators' in version `normal'
(Font)                  OT1/cmr/m/n --> OT1/minntx/m/n on input line 402.
LaTeX Font Info:    Overwriting symbol font `operators' in version `bold'
(Font)                  OT1/cmr/bx/n --> OT1/minntx/m/n on input line 402.
LaTeX Font Info:    Overwriting symbol font `operators' in version `bold'
(Font)                  OT1/minntx/m/n --> OT1/minntx/b/n on input line 403.
LaTeX Font Info:    Redeclaring math alphabet \mathsf on input line 410.
LaTeX Font Info:    Overwriting math alphabet `\mathsf' in version `normal'
(Font)                  OT1/cmss/m/n --> OT1/phv/m/n on input line 410.
LaTeX Font Info:    Overwriting math alphabet `\mathsf' in version `bold'
(Font)                  OT1/cmss/bx/n --> OT1/phv/m/n on input line 410.
LaTeX Font Info:    Overwriting math alphabet `\mathsf' in version `bold'
(Font)                  OT1/phv/m/n --> OT1/phv/b/n on input line 412.
LaTeX Font Info:    Redeclaring math alphabet \mathit on input line 419.
LaTeX Font Info:    Overwriting math alphabet `\mathit' in version `normal'
(Font)                  OT1/cmr/m/it --> OT1/minntx/m/it on input line 419.
LaTeX Font Info:    Overwriting math alphabet `\mathit' in version `bold'
(Font)                  OT1/cmr/bx/it --> OT1/minntx/m/it on input line 419.
LaTeX Font Info:    Redeclaring math alphabet \mathtt on input line 420.
LaTeX Font Info:    Overwriting math alphabet `\mathtt' in version `normal'
(Font)                  OT1/cmtt/m/n --> T1/pcr/m/n on input line 420.
LaTeX Font Info:    Overwriting math alphabet `\mathtt' in version `bold'
(Font)                  OT1/cmtt/m/n --> T1/pcr/m/n on input line 420.
LaTeX Font Info:    Redeclaring math alphabet \mathbf on input line 422.
LaTeX Font Info:    Overwriting math alphabet `\mathbf' in version `normal'
(Font)                  OT1/cmr/bx/n --> OT1/minntx/b/n on input line 422.
LaTeX Font Info:    Overwriting math alphabet `\mathbf' in version `bold'
(Font)                  OT1/cmr/bx/n --> OT1/minntx/b/n on input line 422.
LaTeX Font Info:    Overwriting math alphabet `\mathit' in version `bold'
(Font)                  OT1/minntx/m/it --> OT1/minntx/b/it on input line 423.
LaTeX Font Info:    Overwriting math alphabet `\mathtt' in version `bold'
(Font)                  T1/pcr/m/n --> T1/pcr/b/n on input line 426.
LaTeX Font Info:    Redeclaring symbol font `letters' on input line 534.
LaTeX Font Info:    Overwriting symbol font `letters' in version `normal'
(Font)                  OML/cmm/m/it --> OML/ntxmi/m/it on input line 534.
LaTeX Font Info:    Overwriting symbol font `letters' in version `bold'
(Font)                  OML/cmm/b/it --> OML/ntxmi/m/it on input line 534.
LaTeX Font Info:    Overwriting symbol font `letters' in version `bold'
(Font)                  OML/ntxmi/m/it --> OML/ntxmi/b/it on input line 535.
\symlettersA=\mathgroup4
LaTeX Font Info:    Overwriting symbol font `lettersA' in version `bold'
(Font)                  U/ntxmia/m/it --> U/ntxmia/b/it on input line 582.
Now handling font encoding LMS ...
... no UTF-8 mapping file for font encoding LMS
LaTeX Font Info:    Redeclaring symbol font `symbols' on input line 604.
LaTeX Font Info:    Encoding `OMS' has changed to `LMS' for symbol font
(Font)              `symbols' in the math version `normal' on input line 604.
LaTeX Font Info:    Overwriting symbol font `symbols' in version `normal'
(Font)                  OMS/cmsy/m/n --> LMS/ntxsy/m/n on input line 604.
LaTeX Font Info:    Encoding `OMS' has changed to `LMS' for symbol font
(Font)              `symbols' in the math version `bold' on input line 604.
LaTeX Font Info:    Overwriting symbol font `symbols' in version `bold'
(Font)                  OMS/cmsy/b/n --> LMS/ntxsy/m/n on input line 604.
LaTeX Font Info:    Overwriting symbol font `symbols' in version `bold'
(Font)                  LMS/ntxsy/m/n --> LMS/ntxsy/b/n on input line 605.
\symAMSm=\mathgroup5
LaTeX Font Info:    Overwriting symbol font `AMSm' in version `bold'
(Font)                  U/ntxsym/m/n --> U/ntxsym/b/n on input line 630.
\symsymbolsC=\mathgroup6
LaTeX Font Info:    Overwriting symbol font `symbolsC' in version `bold'
(Font)                  U/ntxsyc/m/n --> U/ntxsyc/b/n on input line 651.
Now handling font encoding LMX ...
... no UTF-8 mapping file for font encoding LMX
LaTeX Font Info:    Redeclaring symbol font `largesymbols' on input line 664.
LaTeX Font Info:    Encoding `OMX' has changed to `LMX' for symbol font
(Font)              `largesymbols' in the math version `normal' on input line 6
64.
LaTeX Font Info:    Overwriting symbol font `largesymbols' in version `normal'
(Font)                  OMX/cmex/m/n --> LMX/ntxexx/m/n on input line 664.
LaTeX Font Info:    Encoding `OMX' has changed to `LMX' for symbol font
(Font)              `largesymbols' in the math version `bold' on input line 664
.
LaTeX Font Info:    Overwriting symbol font `largesymbols' in version `bold'
(Font)                  OMX/cmex/m/n --> LMX/ntxexx/m/n on input line 664.
LaTeX Font Info:    Overwriting symbol font `largesymbols' in version `bold'
(Font)                  LMX/ntxexx/m/n --> LMX/ntxexx/b/n on input line 665.
\symlargesymbolsTXA=\mathgroup7
LaTeX Font Info:    Overwriting symbol font `largesymbolsTXA' in version `bold'

(Font)                  U/ntxexa/m/n --> U/ntxexa/b/n on input line 679.
\tx@sbptoks=\toks28
LaTeX Font Info:    Redeclaring math delimiter \lfloor on input line 902.
LaTeX Font Info:    Redeclaring math delimiter \rfloor on input line 903.
LaTeX Font Info:    Redeclaring math delimiter \lceil on input line 904.
LaTeX Font Info:    Redeclaring math delimiter \rceil on input line 905.
LaTeX Font Info:    Redeclaring math delimiter \lbrace on input line 910.
LaTeX Font Info:    Redeclaring math delimiter \rbrace on input line 911.
LaTeX Font Info:    Redeclaring math delimiter \langle on input line 913.
LaTeX Font Info:    Redeclaring math delimiter \rangle on input line 915.
LaTeX Font Info:    Redeclaring math delimiter \arrowvert on input line 919.
LaTeX Font Info:    Redeclaring math delimiter \vert on input line 920.
LaTeX Font Info:    Redeclaring math symbol \hbar on input line 966.
LaTeX Font Info:    Redeclaring math accent \dot on input line 991.
LaTeX Font Info:    Redeclaring math accent \ddot on input line 992.
LaTeX Font Info:    Redeclaring math accent \vec on input line 2057.
LaTeX Info: Redefining \Bbbk on input line 2847.
LaTeX Info: Redefining \not on input line 2995.
) (/usr/local/texlive/2025/texmf-dist/tex/latex/algorithms/algorithmic.sty
Package: algorithmic 2009/08/24 v0.1 Document Style `algorithmic'
\c@ALC@unique=\count303
\c@ALC@line=\count304
\c@ALC@rem=\count305
\c@ALC@depth=\count306
\ALC@tlm=\skip58
\algorithmicindent=\skip59
)
(/usr/local/texlive/2025/texmf-dist/tex/latex/graphics/graphicx.sty
Package: graphicx 2021/09/16 v1.2d Enhanced LaTeX Graphics (DPC,SPQR)
\Gin@req@height=\dimen191
\Gin@req@width=\dimen192
)
(/usr/local/texlive/2025/texmf-dist/tex/latex/pythonhighlight/pythonhighlight.s
ty
Package: pythonhighlight 2024/03/18 python code highlighting; provided by Olivi
er Verdier <olivier.verdier@gmail.com>
 (/usr/local/texlive/2025/texmf-dist/tex/latex/listings/listings.sty
\lst@mode=\count307
\lst@gtempboxa=\box61
\lst@token=\toks29
\lst@length=\count308
\lst@currlwidth=\dimen193
\lst@column=\count309
\lst@pos=\count310
\lst@lostspace=\dimen194
\lst@width=\dimen195
\lst@newlines=\count311
\lst@lineno=\count312
\lst@maxwidth=\dimen196

(/usr/local/texlive/2025/texmf-dist/tex/latex/listings/lstpatch.sty
File: lstpatch.sty 2024/09/23 1.10c (Carsten Heinz)
)
(/usr/local/texlive/2025/texmf-dist/tex/latex/listings/lstmisc.sty
File: lstmisc.sty 2024/09/23 1.10c (Carsten Heinz)
\c@lstnumber=\count313
\lst@skipnumbers=\count314
\lst@framebox=\box62
)
(/usr/local/texlive/2025/texmf-dist/tex/latex/listings/listings.cfg
File: listings.cfg 2024/09/23 1.10c listings configuration
))
Package: listings 2024/09/23 1.10c (Carsten Heinz)
)
(/usr/local/texlive/2025/texmf-dist/tex/latex/subfig/subfig.sty
Package: subfig 2005/06/28 ver: 1.3 subfig package

(/usr/local/texlive/2025/texmf-dist/tex/latex/caption/caption.sty
Package: caption 2023/08/05 v3.6o Customizing captions (AR)

(/usr/local/texlive/2025/texmf-dist/tex/latex/caption/caption3.sty
Package: caption3 2023/07/31 v2.4d caption3 kernel (AR)
\caption@tempdima=\dimen197
\captionmargin=\dimen198
\caption@leftmargin=\dimen199
\caption@rightmargin=\dimen256
\caption@width=\dimen257
\caption@indent=\dimen258
\caption@parindent=\dimen259
\caption@hangindent=\dimen260
Package caption Info: Unknown document class (or package),
(caption)             standard defaults will be used.
Package caption Info: \@makecaption = \long macro:#1#2->\ifx \@captype \@IEEEta
blestring \begin {flushleft} \vspace *{5pt} {\vss \color {accessblue}\tablecaph
eadfont #1. \ }{\raggedright \tablecapfont #2\vss }\end {flushleft} \@IEEEtable
captionsepspace \else \@IEEEfigurecaptionsepspace \setbox \@tempboxa \hbox {\st
rut {\color {accessblue}\figcapheadfont #1. \ }\raggedright \figcapfont #2\stru
t }\ifdim \xfigwd >\columnwidth \setbox \@tempboxa \hbox {{\color {accessblue}\
figcapheadfont #1. \ }}\mbox {}\hfill \begin {tabular}{@{}l@{}}\noindent \ragge
dright \unhbox \@tempboxa \figcapfont #2\end {tabular}\hfill \mbox {}\else \set
box \@tempboxa \hbox {{\color {accessblue}\figcapheadfont #1. \ }}{\vss \ragged
right \noindent \unhbox \@tempboxa \figcapfont #2\vss }\fi \fi \vskip 1pt plus 
1pt minus 1pt on input line 1175.
)

Package caption Warning: Unknown document class (or package),
(caption)                standard defaults will be used.
See the caption package documentation for explanation.

\c@caption@flags=\count315
\c@continuedfloat=\count316
Package caption Info: listings package is loaded.
)
\c@KVtest=\count317
\sf@farskip=\skip60
\sf@captopadj=\dimen261
\sf@capskip=\skip61
\sf@nearskip=\skip62
\c@subfigure=\count318
\c@subfigure@save=\count319
\c@lofdepth=\count320
\c@subtable=\count321
\c@subtable@save=\count322
\c@lotdepth=\count323
\sf@top=\skip63
\sf@bottom=\skip64
) (/usr/local/texlive/2025/texmf-dist/tex/generic/ulem/ulem.sty
\UL@box=\box63
\UL@hyphenbox=\box64
\UL@skip=\skip65
\UL@hook=\toks30
\UL@height=\dimen262
\UL@pe=\count324
\UL@pixel=\dimen263
\ULC@box=\box65
Package: ulem 2019/11/18
\ULdepth=\dimen264
)
(/usr/local/texlive/2025/texmf-dist/tex/latex/comment/comment.sty
\CommentStream=\write3

Excluding comment 'comment')
(/usr/local/texlive/2025/texmf-dist/tex/latex/tools/xspace.sty
Package: xspace 2014/10/28 v1.13 Space after command names (DPC,MH)
)
(/usr/local/texlive/2025/texmf-dist/tex/latex/hyperref/hyperref.sty
Package: hyperref 2024-11-05 v7.01l Hypertext links for LaTeX

(/usr/local/texlive/2025/texmf-dist/tex/latex/kvsetkeys/kvsetkeys.sty
Package: kvsetkeys 2022-10-05 v1.19 Key value parser (HO)
)
(/usr/local/texlive/2025/texmf-dist/tex/generic/kvdefinekeys/kvdefinekeys.sty
Package: kvdefinekeys 2019-12-19 v1.6 Define keys (HO)
)
(/usr/local/texlive/2025/texmf-dist/tex/generic/pdfescape/pdfescape.sty
Package: pdfescape 2019/12/09 v1.15 Implements pdfTeX's escape features (HO)

(/usr/local/texlive/2025/texmf-dist/tex/generic/ltxcmds/ltxcmds.sty
Package: ltxcmds 2023-12-04 v1.26 LaTeX kernel commands for general use (HO)
)
(/usr/local/texlive/2025/texmf-dist/tex/generic/pdftexcmds/pdftexcmds.sty
Package: pdftexcmds 2020-06-27 v0.33 Utility functions of pdfTeX for LuaTeX (HO
)

(/usr/local/texlive/2025/texmf-dist/tex/generic/infwarerr/infwarerr.sty
Package: infwarerr 2019/12/03 v1.5 Providing info/warning/error messages (HO)
)
Package pdftexcmds Info: \pdf@primitive is available.
Package pdftexcmds Info: \pdf@ifprimitive is available.
Package pdftexcmds Info: \pdfdraftmode found.
))
(/usr/local/texlive/2025/texmf-dist/tex/latex/hycolor/hycolor.sty
Package: hycolor 2020-01-27 v1.10 Color options for hyperref/bookmark (HO)
)
(/usr/local/texlive/2025/texmf-dist/tex/latex/hyperref/nameref.sty
Package: nameref 2023-11-26 v2.56 Cross-referencing by name of section

(/usr/local/texlive/2025/texmf-dist/tex/latex/refcount/refcount.sty
Package: refcount 2019/12/15 v3.6 Data extraction from label references (HO)
)
(/usr/local/texlive/2025/texmf-dist/tex/generic/gettitlestring/gettitlestring.s
ty
Package: gettitlestring 2019/12/15 v1.6 Cleanup title references (HO)
 (/usr/local/texlive/2025/texmf-dist/tex/latex/kvoptions/kvoptions.sty
Package: kvoptions 2022-06-15 v3.15 Key value format for package options (HO)
))
\c@section@level=\count325
)
(/usr/local/texlive/2025/texmf-dist/tex/generic/stringenc/stringenc.sty
Package: stringenc 2019/11/29 v1.12 Convert strings between diff. encodings (HO
)
)
\@linkdim=\dimen265
\Hy@linkcounter=\count326
\Hy@pagecounter=\count327

(/usr/local/texlive/2025/texmf-dist/tex/latex/hyperref/pd1enc.def
File: pd1enc.def 2024-11-05 v7.01l Hyperref: PDFDocEncoding definition (HO)
)
(/usr/local/texlive/2025/texmf-dist/tex/generic/intcalc/intcalc.sty
Package: intcalc 2019/12/15 v1.3 Expandable calculations with integers (HO)
)
\Hy@SavedSpaceFactor=\count328

(/usr/local/texlive/2025/texmf-dist/tex/latex/hyperref/puenc.def
File: puenc.def 2024-11-05 v7.01l Hyperref: PDF Unicode definition (HO)
)
Package hyperref Info: Hyper figures OFF on input line 4157.
Package hyperref Info: Link nesting OFF on input line 4162.
Package hyperref Info: Hyper index ON on input line 4165.
Package hyperref Info: Plain pages OFF on input line 4172.
Package hyperref Info: Backreferencing OFF on input line 4177.
Package hyperref Info: Implicit mode ON; LaTeX internals redefined.
Package hyperref Info: Bookmarks ON on input line 4424.
\c@Hy@tempcnt=\count329

(/usr/local/texlive/2025/texmf-dist/tex/latex/url/url.sty
\Urlmuskip=\muskip18
Package: url 2013/09/16  ver 3.4  Verb mode for urls, etc.
)
LaTeX Info: Redefining \url on input line 4763.
\XeTeXLinkMargin=\dimen266

(/usr/local/texlive/2025/texmf-dist/tex/generic/bitset/bitset.sty
Package: bitset 2019/12/09 v1.3 Handle bit-vector datatype (HO)

(/usr/local/texlive/2025/texmf-dist/tex/generic/bigintcalc/bigintcalc.sty
Package: bigintcalc 2019/12/15 v1.5 Expandable calculations on big integers (HO
)
))
\Fld@menulength=\count330
\Field@Width=\dimen267
\Fld@charsize=\dimen268
Package hyperref Info: Hyper figures OFF on input line 6042.
Package hyperref Info: Link nesting OFF on input line 6047.
Package hyperref Info: Hyper index ON on input line 6050.
Package hyperref Info: backreferencing OFF on input line 6057.
Package hyperref Info: Link coloring OFF on input line 6062.
Package hyperref Info: Link coloring with OCG OFF on input line 6067.
Package hyperref Info: PDF/A mode OFF on input line 6072.

(/usr/local/texlive/2025/texmf-dist/tex/latex/base/atbegshi-ltx.sty
Package: atbegshi-ltx 2021/01/10 v1.0c Emulation of the original atbegshi
package with kernel methods
)
\Hy@abspage=\count331
\c@Item=\count332
\c@Hfootnote=\count333
)
Package hyperref Info: Driver (autodetected): hpdftex.

(/usr/local/texlive/2025/texmf-dist/tex/latex/hyperref/hpdftex.def
File: hpdftex.def 2024-11-05 v7.01l Hyperref driver for pdfTeX

(/usr/local/texlive/2025/texmf-dist/tex/latex/base/atveryend-ltx.sty
Package: atveryend-ltx 2020/08/19 v1.0a Emulation of the original atveryend pac
kage
with kernel methods
)
\Fld@listcount=\count334
\c@bookmark@seq@number=\count335

(/usr/local/texlive/2025/texmf-dist/tex/latex/rerunfilecheck/rerunfilecheck.sty
Package: rerunfilecheck 2022-07-10 v1.10 Rerun checks for auxiliary files (HO)

(/usr/local/texlive/2025/texmf-dist/tex/generic/uniquecounter/uniquecounter.sty
Package: uniquecounter 2019/12/15 v1.4 Provide unlimited unique counter (HO)
)
Package uniquecounter Info: New unique counter `rerunfilecheck' on input line 2
85.
)
\Hy@SectionHShift=\skip66
) (/usr/local/texlive/2025/texmf-dist/tex/latex/academicons/academicons.sty
Package: academicons 2021/11/26 v1.9.1 Academicons Icons
)
(/usr/local/texlive/2025/texmf-dist/tex/generic/soul/soul.sty
Package: soul 2023-06-14 v3.1 Permit use of UTF-8 characters in soul (HO)

(/usr/local/texlive/2025/texmf-dist/tex/generic/soul/soul-ori.sty
Package: soul-ori 2023-06-14 v3.1 letterspacing/underlining (mf)
\SOUL@word=\toks31
\SOUL@lasttoken=\toks32
\SOUL@syllable=\toks33
\SOUL@cmds=\toks34
\SOUL@buffer=\toks35
\SOUL@token=\toks36
\SOUL@syllgoal=\dimen269
\SOUL@syllwidth=\dimen270
\SOUL@charkern=\dimen271
\SOUL@hyphkern=\dimen272
\SOUL@dimen=\dimen273
\SOUL@dimeni=\dimen274
\SOUL@minus=\count336
\SOUL@comma=\count337
\SOUL@apo=\count338
\SOUL@grave=\count339
\SOUL@spaceskip=\skip67
\SOUL@ttwidth=\dimen275
\SOUL@uldp=\dimen276
\SOUL@ulht=\dimen277
)
(/usr/local/texlive/2025/texmf-dist/tex/generic/etexcmds/etexcmds.sty
Package: etexcmds 2019/12/15 v1.7 Avoid name clashes with e-TeX commands (HO)
)))
(./commands.tex)
LaTeX Font Info:    Trying to load font information for T1+ntxtlf on input line
 8.

(/usr/local/texlive/2025/texmf-dist/tex/latex/newtx/t1ntxtlf.fd
File: t1ntxtlf.fd 2021/05/24 v1.1 font definition file for T1/ntx/tlf
)
LaTeX Font Info:    Font shape `T1/ntxtlf/m/n' will be
(Font)              scaled to size 10.0pt on input line 8.
 (./fresh.aux)
\openout1 = `fresh.aux'.

LaTeX Font Info:    Checking defaults for OML/ntxmi/m/it on input line 8.
LaTeX Font Info:    Trying to load font information for OML+ntxmi on input line
 8.

(/usr/local/texlive/2025/texmf-dist/tex/latex/newtx/omlntxmi.fd
File: omlntxmi.fd 2015/08/25 Fontinst v1.933 font definitions for OML/ntxmi.
)
LaTeX Font Info:    ... okay on input line 8.
LaTeX Font Info:    Checking defaults for OMS/cmsy/m/n on input line 8.
LaTeX Font Info:    ... okay on input line 8.
LaTeX Font Info:    Checking defaults for OT1/cmr/m/n on input line 8.
LaTeX Font Info:    ... okay on input line 8.
LaTeX Font Info:    Checking defaults for T1/cmr/m/n on input line 8.
LaTeX Font Info:    ... okay on input line 8.
LaTeX Font Info:    Checking defaults for TS1/cmr/m/n on input line 8.
LaTeX Font Info:    ... okay on input line 8.
LaTeX Font Info:    Checking defaults for OMX/cmex/m/n on input line 8.
LaTeX Font Info:    ... okay on input line 8.
LaTeX Font Info:    Checking defaults for U/ntxexa/m/n on input line 8.
LaTeX Font Info:    Trying to load font information for U+ntxexa on input line 
8.

(/usr/local/texlive/2025/texmf-dist/tex/latex/newtx/untxexa.fd
File: untxexa.fd 2012/04/16 Fontinst v1.933 font definitions for U/ntxexa.
)
LaTeX Font Info:    ... okay on input line 8.
LaTeX Font Info:    Checking defaults for LMS/ntxsy/m/n on input line 8.
LaTeX Font Info:    Trying to load font information for LMS+ntxsy on input line
 8.

(/usr/local/texlive/2025/texmf-dist/tex/latex/newtx/lmsntxsy.fd
File: lmsntxsy.fd 2016/07/02 Fontinst v1.933 font definitions for LMS/ntxsy.
)
LaTeX Font Info:    ... okay on input line 8.
LaTeX Font Info:    Checking defaults for LMX/ntxexx/m/n on input line 8.
LaTeX Font Info:    Trying to load font information for LMX+ntxexx on input lin
e 8.

(/usr/local/texlive/2025/texmf-dist/tex/latex/newtx/lmxntxexx.fd
File: lmxntxexx.fd 2016/07/03 Fontinst v1.933 font definitions for LMX/ntxexx.
)
LaTeX Font Info:    ... okay on input line 8.
LaTeX Font Info:    Checking defaults for PD1/pdf/m/n on input line 8.
LaTeX Font Info:    ... okay on input line 8.
LaTeX Font Info:    Checking defaults for PU/pdf/m/n on input line 8.
LaTeX Font Info:    ... okay on input line 8.
LaTeX Font Info:    Font shape `T1/ntxtlf/m/n' will be
(Font)              scaled to size 5.0pt on input line 8.
LaTeX Font Info:    Font shape `T1/ntxtlf/b/n' will be
(Font)              scaled to size 5.0pt on input line 8.
LaTeX Font Info:    Font shape `T1/ntxtlf/m/it' will be
(Font)              scaled to size 5.0pt on input line 8.
LaTeX Font Info:    Font shape `T1/ntxtlf/b/it' will be
(Font)              scaled to size 5.0pt on input line 8.
LaTeX Font Info:    Font shape `T1/ntxtlf/m/n' will be
(Font)              scaled to size 7.0pt on input line 8.
LaTeX Font Info:    Font shape `T1/ntxtlf/b/n' will be
(Font)              scaled to size 7.0pt on input line 8.
LaTeX Font Info:    Font shape `T1/ntxtlf/m/it' will be
(Font)              scaled to size 7.0pt on input line 8.
LaTeX Font Info:    Font shape `T1/ntxtlf/b/it' will be
(Font)              scaled to size 7.0pt on input line 8.
LaTeX Font Info:    Font shape `T1/ntxtlf/m/n' will be
(Font)              scaled to size 8.0pt on input line 8.
LaTeX Font Info:    Font shape `T1/ntxtlf/b/n' will be
(Font)              scaled to size 8.0pt on input line 8.
LaTeX Font Info:    Font shape `T1/ntxtlf/m/it' will be
(Font)              scaled to size 8.0pt on input line 8.
LaTeX Font Info:    Font shape `T1/ntxtlf/b/it' will be
(Font)              scaled to size 8.0pt on input line 8.
LaTeX Font Info:    Font shape `T1/ntxtlf/m/n' will be
(Font)              scaled to size 9.0pt on input line 8.
LaTeX Font Info:    Font shape `T1/ntxtlf/b/n' will be
(Font)              scaled to size 9.0pt on input line 8.
LaTeX Font Info:    Font shape `T1/ntxtlf/m/it' will be
(Font)              scaled to size 9.0pt on input line 8.
LaTeX Font Info:    Font shape `T1/ntxtlf/b/it' will be
(Font)              scaled to size 9.0pt on input line 8.
LaTeX Font Info:    Font shape `T1/ntxtlf/b/n' will be
(Font)              scaled to size 10.0pt on input line 8.
LaTeX Font Info:    Font shape `T1/ntxtlf/m/it' will be
(Font)              scaled to size 10.0pt on input line 8.
LaTeX Font Info:    Font shape `T1/ntxtlf/b/it' will be
(Font)              scaled to size 10.0pt on input line 8.
LaTeX Font Info:    Font shape `T1/ntxtlf/m/n' will be
(Font)              scaled to size 11.0pt on input line 8.
LaTeX Font Info:    Font shape `T1/ntxtlf/b/n' will be
(Font)              scaled to size 11.0pt on input line 8.
LaTeX Font Info:    Font shape `T1/ntxtlf/m/it' will be
(Font)              scaled to size 11.0pt on input line 8.
LaTeX Font Info:    Font shape `T1/ntxtlf/b/it' will be
(Font)              scaled to size 11.0pt on input line 8.
LaTeX Font Info:    Font shape `T1/ntxtlf/m/n' will be
(Font)              scaled to size 12.0pt on input line 8.
LaTeX Font Info:    Font shape `T1/ntxtlf/b/n' will be
(Font)              scaled to size 12.0pt on input line 8.
LaTeX Font Info:    Font shape `T1/ntxtlf/m/it' will be
(Font)              scaled to size 12.0pt on input line 8.
LaTeX Font Info:    Font shape `T1/ntxtlf/b/it' will be
(Font)              scaled to size 12.0pt on input line 8.
LaTeX Font Info:    Font shape `T1/ntxtlf/m/n' will be
(Font)              scaled to size 17.0pt on input line 8.
LaTeX Font Info:    Font shape `T1/ntxtlf/b/n' will be
(Font)              scaled to size 17.0pt on input line 8.
LaTeX Font Info:    Font shape `T1/ntxtlf/m/it' will be
(Font)              scaled to size 17.0pt on input line 8.
LaTeX Font Info:    Font shape `T1/ntxtlf/b/it' will be
(Font)              scaled to size 17.0pt on input line 8.
LaTeX Font Info:    Font shape `T1/ntxtlf/m/n' will be
(Font)              scaled to size 20.0pt on input line 8.
LaTeX Font Info:    Font shape `T1/ntxtlf/b/n' will be
(Font)              scaled to size 20.0pt on input line 8.
LaTeX Font Info:    Font shape `T1/ntxtlf/m/it' will be
(Font)              scaled to size 20.0pt on input line 8.
LaTeX Font Info:    Font shape `T1/ntxtlf/b/it' will be
(Font)              scaled to size 20.0pt on input line 8.
LaTeX Font Info:    Font shape `T1/ntxtlf/m/n' will be
(Font)              scaled to size 24.0pt on input line 8.
LaTeX Font Info:    Font shape `T1/ntxtlf/b/n' will be
(Font)              scaled to size 24.0pt on input line 8.
LaTeX Font Info:    Font shape `T1/ntxtlf/m/it' will be
(Font)              scaled to size 24.0pt on input line 8.
LaTeX Font Info:    Font shape `T1/ntxtlf/b/it' will be
(Font)              scaled to size 24.0pt on input line 8.

-- Lines per column: 56 (exact).

LaTeX Font Warning: Font shape `T1/ntxtlf/n/n' undefined
(Font)              using `T1/ntxtlf/m/n' instead on input line 8.

LaTeX Font Info:    Font shape `T1/ntxtlf/n/n' will be
(Font)              scaled to size 10.0pt on input line 8.
(/usr/local/texlive/2025/texmf-dist/tex/context/base/mkii/supp-pdf.mkii
[Loading MPS to PDF converter (version 2006.09.02).]
\scratchcounter=\count340
\scratchdimen=\dimen278
\scratchbox=\box66
\nofMPsegments=\count341
\nofMParguments=\count342
\everyMPshowfont=\toks37
\MPscratchCnt=\count343
\MPscratchDim=\dimen279
\MPnumerator=\count344
\makeMPintoPDFobject=\count345
\everyMPtoPDFconversion=\toks38
) (/usr/local/texlive/2025/texmf-dist/tex/latex/epstopdf-pkg/epstopdf-base.sty
Package: epstopdf-base 2020-01-24 v2.11 Base part for package epstopdf
Package epstopdf-base Info: Redefining graphics rule for `.eps' on input line 4
85.

(/usr/local/texlive/2025/texmf-dist/tex/latex/latexconfig/epstopdf-sys.cfg
File: epstopdf-sys.cfg 2010/07/13 v1.3 Configuration of (r)epstopdf for TeX Liv
e
))
\c@mv@tabular=\count346
\c@mv@boldtabular=\count347
LaTeX Info: Command `\dddot' is already robust on input line 8.
LaTeX Info: Command `\ddddot' is already robust on input line 8.
\c@lstlisting=\count348
Package caption Info: Begin \AtBeginDocument code.
Package caption Info: subfig package v1.3 is loaded.
Package caption Info: hyperref package is loaded.
Package caption Info: End \AtBeginDocument code.
Package hyperref Info: Link coloring OFF on input line 8.

(./fresh.out) (./fresh.out)
\@outlinefile=\write4
\openout4 = `fresh.out'.

 Excluding 'comment' comment.
<bullet.png, id=119, 12.045pt x 35.38219pt>
File: bullet.png Graphic file (type png)
<use bullet.png>
Package pdftex.def Info: bullet.png  used on input line 35.
(pdftex.def)             Requested size: 5.0pt x 14.6871pt.


Package xcolor Warning: Incompatible color definition on input line 35.

LaTeX Font Info:    Trying to load font information for T1+phv on input line 35
.
(/usr/local/texlive/2025/texmf-dist/tex/latex/psnfss/t1phv.fd
File: t1phv.fd 2020/03/25 scalable font definitions for T1/phv.
)

LaTeX Font Warning: Font shape `T1/phv/n/n' undefined
(Font)              using `T1/phv/m/n' instead on input line 35.

LaTeX Font Info:    Trying to load font information for T1+pcr on input line 37
.
(/usr/local/texlive/2025/texmf-dist/tex/latex/psnfss/t1pcr.fd
File: t1pcr.fd 2001/06/04 font definitions for T1/pcr.
)

LaTeX Font Warning: Font shape `T1/pcr/n/n' undefined
(Font)              using `T1/pcr/m/n' instead on input line 37.

File: bullet.png Graphic file (type png)
<use bullet.png>
Package pdftex.def Info: bullet.png  used on input line 43.
(pdftex.def)             Requested size: 5.0pt x 14.6871pt.

Package xcolor Warning: Incompatible color definition on input line 43.

LaTeX Font Info:    Font shape `T1/ntxtlf/n/n' will be
(Font)              scaled to size 6.0pt on input line 50.
LaTeX Font Info:    Font shape `T1/ntxtlf/m/n' will be
(Font)              scaled to size 6.0pt on input line 50.
LaTeX Font Info:    Font shape `T1/ntxtlf/m/it' will be
(Font)              scaled to size 6.0pt on input line 50.

Package xcolor Warning: Incompatible color definition on input line 50.

LaTeX Font Info:    Calculating math sizes for size <9.9> on input line 50.
LaTeX Font Info:    Trying to load font information for OT1+minntx on input lin
e 50.
(/usr/local/texlive/2025/texmf-dist/tex/latex/newtx/ot1minntx.fd
File: ot1minntx.fd 2023/09/09 v1.1 font definition file for OT1/minntx
)
LaTeX Font Info:    Font shape `OT1/minntx/m/n' will be
(Font)              scaled to size 9.9pt on input line 50.
LaTeX Font Info:    Font shape `OT1/minntx/m/n' will be
(Font)              scaled to size 7.22694pt on input line 50.
LaTeX Font Info:    Font shape `OT1/minntx/m/n' will be
(Font)              scaled to size 5.44502pt on input line 50.
LaTeX Font Info:    Font shape `OML/ntxmi/m/it' will be
(Font)              scaled to size 9.9pt on input line 50.
LaTeX Font Info:    Font shape `OML/ntxmi/m/it' will be
(Font)              scaled to size 7.22694pt on input line 50.
LaTeX Font Info:    Font shape `OML/ntxmi/m/it' will be
(Font)              scaled to size 5.44502pt on input line 50.
LaTeX Font Info:    Font shape `LMS/ntxsy/m/n' will be
(Font)              scaled to size 9.9pt on input line 50.
LaTeX Font Info:    Font shape `LMS/ntxsy/m/n' will be
(Font)              scaled to size 7.22694pt on input line 50.
LaTeX Font Info:    Font shape `LMS/ntxsy/m/n' will be
(Font)              scaled to size 5.44502pt on input line 50.
LaTeX Font Info:    Font shape `LMX/ntxexx/m/n' will be
(Font)              scaled to size 9.9pt on input line 50.
LaTeX Font Info:    Font shape `LMX/ntxexx/m/n' will be
(Font)              scaled to size 7.22694pt on input line 50.
LaTeX Font Info:    Font shape `LMX/ntxexx/m/n' will be
(Font)              scaled to size 5.44502pt on input line 50.
LaTeX Font Info:    Trying to load font information for U+ntxmia on input line 
50.

(/usr/local/texlive/2025/texmf-dist/tex/latex/newtx/untxmia.fd
File: untxmia.fd 2024/04/09 Fontinst v1.933 font definitions for U/ntxmia.
)
LaTeX Font Info:    Font shape `U/ntxmia/m/it' will be
(Font)              scaled to size 9.9pt on input line 50.
LaTeX Font Info:    Font shape `U/ntxmia/m/it' will be
(Font)              scaled to size 7.22694pt on input line 50.
LaTeX Font Info:    Font shape `U/ntxmia/m/it' will be
(Font)              scaled to size 5.44502pt on input line 50.
LaTeX Font Info:    Trying to load font information for U+ntxsym on input line 
50.

(/usr/local/texlive/2025/texmf-dist/tex/latex/newtx/untxsym.fd
File: untxsym.fd 2023/08/16 Fontinst v1.933 font definitions for U/ntxsym.
)
LaTeX Font Info:    Font shape `U/ntxsym/m/n' will be
(Font)              scaled to size 9.9pt on input line 50.
LaTeX Font Info:    Font shape `U/ntxsym/m/n' will be
(Font)              scaled to size 7.22694pt on input line 50.
LaTeX Font Info:    Font shape `U/ntxsym/m/n' will be
(Font)              scaled to size 5.44502pt on input line 50.
LaTeX Font Info:    Trying to load font information for U+ntxsyc on input line 
50.

(/usr/local/texlive/2025/texmf-dist/tex/latex/newtx/untxsyc.fd
File: untxsyc.fd 2012/04/12 Fontinst v1.933 font definitions for U/ntxsyc.
)
LaTeX Font Info:    Font shape `U/ntxsyc/m/n' will be
(Font)              scaled to size 9.9pt on input line 50.
LaTeX Font Info:    Font shape `U/ntxsyc/m/n' will be
(Font)              scaled to size 7.22694pt on input line 50.
LaTeX Font Info:    Font shape `U/ntxsyc/m/n' will be
(Font)              scaled to size 5.44502pt on input line 50.
LaTeX Font Info:    Font shape `U/ntxexa/m/n' will be
(Font)              scaled to size 9.9pt on input line 50.
LaTeX Font Info:    Font shape `U/ntxexa/m/n' will be
(Font)              scaled to size 7.22694pt on input line 50.
LaTeX Font Info:    Font shape `U/ntxexa/m/n' will be
(Font)              scaled to size 5.44502pt on input line 50.
<fig/orcidlogo.png, id=121, 1204.5pt x 1204.5pt>
File: fig/orcidlogo.png Graphic file (type png)
<use fig/orcidlogo.png>
Package pdftex.def Info: fig/orcidlogo.png  used on input line 50.
(pdftex.def)             Requested size: 7.223pt x 7.223pt.
File: fig/orcidlogo.png Graphic file (type png)
<use fig/orcidlogo.png>
Package pdftex.def Info: fig/orcidlogo.png  used on input line 50.
(pdftex.def)             Requested size: 7.223pt x 7.223pt.
File: fig/orcidlogo.png Graphic file (type png)
<use fig/orcidlogo.png>
Package pdftex.def Info: fig/orcidlogo.png  used on input line 50.
(pdftex.def)             Requested size: 7.223pt x 7.223pt.
File: fig/orcidlogo.png Graphic file (type png)
<use fig/orcidlogo.png>
Package pdftex.def Info: fig/orcidlogo.png  used on input line 50.
(pdftex.def)             Requested size: 7.223pt x 7.223pt.
LaTeX Font Info:    Font shape `T1/ntxtlf/n/n' will be
(Font)              scaled to size 6.6pt on input line 50.
LaTeX Font Info:    Calculating math sizes for size <6.6> on input line 50.
LaTeX Font Info:    Font shape `OT1/minntx/m/n' will be
(Font)              scaled to size 6.6pt on input line 50.
LaTeX Font Info:    Font shape `OT1/minntx/m/n' will be
(Font)              scaled to size 4.81796pt on input line 50.
LaTeX Font Info:    Font shape `OT1/minntx/m/n' will be
(Font)              scaled to size 3.63002pt on input line 50.
LaTeX Font Info:    Font shape `OML/ntxmi/m/it' will be
(Font)              scaled to size 6.6pt on input line 50.
LaTeX Font Info:    Font shape `OML/ntxmi/m/it' will be
(Font)              scaled to size 4.81796pt on input line 50.
LaTeX Font Info:    Font shape `OML/ntxmi/m/it' will be
(Font)              scaled to size 3.63002pt on input line 50.
LaTeX Font Info:    Font shape `LMS/ntxsy/m/n' will be
(Font)              scaled to size 6.6pt on input line 50.
LaTeX Font Info:    Font shape `LMS/ntxsy/m/n' will be
(Font)              scaled to size 4.81796pt on input line 50.
LaTeX Font Info:    Font shape `LMS/ntxsy/m/n' will be
(Font)              scaled to size 3.63002pt on input line 50.
LaTeX Font Info:    Font shape `LMX/ntxexx/m/n' will be
(Font)              scaled to size 6.6pt on input line 50.
LaTeX Font Info:    Font shape `LMX/ntxexx/m/n' will be
(Font)              scaled to size 4.81796pt on input line 50.
LaTeX Font Info:    Font shape `LMX/ntxexx/m/n' will be
(Font)              scaled to size 3.63002pt on input line 50.
LaTeX Font Info:    Font shape `U/ntxmia/m/it' will be
(Font)              scaled to size 6.6pt on input line 50.
LaTeX Font Info:    Font shape `U/ntxmia/m/it' will be
(Font)              scaled to size 4.81796pt on input line 50.
LaTeX Font Info:    Font shape `U/ntxmia/m/it' will be
(Font)              scaled to size 3.63002pt on input line 50.
LaTeX Font Info:    Font shape `U/ntxsym/m/n' will be
(Font)              scaled to size 6.6pt on input line 50.
LaTeX Font Info:    Font shape `U/ntxsym/m/n' will be
(Font)              scaled to size 4.81796pt on input line 50.
LaTeX Font Info:    Font shape `U/ntxsym/m/n' will be
(Font)              scaled to size 3.63002pt on input line 50.
LaTeX Font Info:    Font shape `U/ntxsyc/m/n' will be
(Font)              scaled to size 6.6pt on input line 50.
LaTeX Font Info:    Font shape `U/ntxsyc/m/n' will be
(Font)              scaled to size 4.81796pt on input line 50.
LaTeX Font Info:    Font shape `U/ntxsyc/m/n' will be
(Font)              scaled to size 3.63002pt on input line 50.
LaTeX Font Info:    Font shape `U/ntxexa/m/n' will be
(Font)              scaled to size 6.6pt on input line 50.
LaTeX Font Info:    Font shape `U/ntxexa/m/n' will be
(Font)              scaled to size 4.81796pt on input line 50.
LaTeX Font Info:    Font shape `U/ntxexa/m/n' will be
(Font)              scaled to size 3.63002pt on input line 50.
LaTeX Font Info:    Font shape `T1/ntxtlf/n/n' will be
(Font)              scaled to size 4.81796pt on input line 50.
LaTeX Font Info:    Font shape `T1/ntxtlf/n/n' will be
(Font)              scaled to size 7.7pt on input line 50.

Overfull \hbox (9.2679pt too wide) in paragraph at lines 50--50
[]  
 []


Overfull \hbox (9.2679pt too wide) in paragraph at lines 50--50
[]  
 []

LaTeX Font Info:    Font shape `OT1/minntx/m/n' will be
(Font)              scaled to size 10.0pt on input line 50.
LaTeX Font Info:    Font shape `OT1/minntx/m/n' will be
(Font)              scaled to size 7.3pt on input line 50.
LaTeX Font Info:    Font shape `OT1/minntx/m/n' will be
(Font)              scaled to size 5.5pt on input line 50.
LaTeX Font Info:    Font shape `OML/ntxmi/m/it' will be
(Font)              scaled to size 10.0pt on input line 50.
LaTeX Font Info:    Font shape `OML/ntxmi/m/it' will be
(Font)              scaled to size 7.3pt on input line 50.
LaTeX Font Info:    Font shape `OML/ntxmi/m/it' will be
(Font)              scaled to size 5.5pt on input line 50.
LaTeX Font Info:    Font shape `LMS/ntxsy/m/n' will be
(Font)              scaled to size 10.0pt on input line 50.
LaTeX Font Info:    Font shape `LMS/ntxsy/m/n' will be
(Font)              scaled to size 7.3pt on input line 50.
LaTeX Font Info:    Font shape `LMS/ntxsy/m/n' will be
(Font)              scaled to size 5.5pt on input line 50.
LaTeX Font Info:    Font shape `LMX/ntxexx/m/n' will be
(Font)              scaled to size 10.0pt on input line 50.
LaTeX Font Info:    Font shape `LMX/ntxexx/m/n' will be
(Font)              scaled to size 7.3pt on input line 50.
LaTeX Font Info:    Font shape `LMX/ntxexx/m/n' will be
(Font)              scaled to size 5.5pt on input line 50.
LaTeX Font Info:    Font shape `U/ntxmia/m/it' will be
(Font)              scaled to size 10.0pt on input line 50.
LaTeX Font Info:    Font shape `U/ntxmia/m/it' will be
(Font)              scaled to size 7.3pt on input line 50.
LaTeX Font Info:    Font shape `U/ntxmia/m/it' will be
(Font)              scaled to size 5.5pt on input line 50.
LaTeX Font Info:    Font shape `U/ntxsym/m/n' will be
(Font)              scaled to size 10.0pt on input line 50.
LaTeX Font Info:    Font shape `U/ntxsym/m/n' will be
(Font)              scaled to size 7.3pt on input line 50.
LaTeX Font Info:    Font shape `U/ntxsym/m/n' will be
(Font)              scaled to size 5.5pt on input line 50.
LaTeX Font Info:    Font shape `U/ntxsyc/m/n' will be
(Font)              scaled to size 10.0pt on input line 50.
LaTeX Font Info:    Font shape `U/ntxsyc/m/n' will be
(Font)              scaled to size 7.3pt on input line 50.
LaTeX Font Info:    Font shape `U/ntxsyc/m/n' will be
(Font)              scaled to size 5.5pt on input line 50.
LaTeX Font Info:    Font shape `U/ntxexa/m/n' will be
(Font)              scaled to size 10.0pt on input line 50.
LaTeX Font Info:    Font shape `U/ntxexa/m/n' will be
(Font)              scaled to size 7.3pt on input line 50.
LaTeX Font Info:    Font shape `U/ntxexa/m/n' will be
(Font)              scaled to size 5.5pt on input line 50.

Package xcolor Warning: Incompatible color definition on input line 50.






Package xcolor Warning: Incompatible color definition on input line 71.

<Logo.png, id=134, 206.27063pt x 53.44969pt>
File: Logo.png Graphic file (type png)
<use Logo.png>
Package pdftex.def Info: Logo.png  used on input line 71.
(pdftex.def)             Requested size: 91.32pt x 23.66309pt.

Overfull \hbox (505.12177pt too wide) has occurred while \output is active
[]
 []


Overfull \hbox (505.12177pt too wide) has occurred while \output is active
[]
 []


Overfull \hbox (505.12177pt too wide) has occurred while \output is active
[]
 []


Underfull \hbox (badness 10000) has occurred while \output is active
[]
 []

[1{/usr/local/texlive/2025/texmf-dist/fonts/enc/dvips/newtx/ntx-ec-tlf.enc}{/us
r/local/texlive/2025/texmf-dist/fonts/enc/dvips/base/8r.enc}


 <./Logo.png> <./fig/orcidlogo.png> <./bullet.png>]
LaTeX Font Info:    Font shape `T1/ntxtlf/m/n' will be
(Font)              scaled to size 7.3pt on input line 79.
LaTeX Font Info:    Font shape `OT1/minntx/m/n' will be
(Font)              scaled to size 8.0pt on input line 79.
LaTeX Font Info:    Font shape `OT1/minntx/m/n' will be
(Font)              scaled to size 6.0pt on input line 79.
LaTeX Font Info:    Font shape `OML/ntxmi/m/it' will be
(Font)              scaled to size 8.0pt on input line 79.
LaTeX Font Info:    Font shape `OML/ntxmi/m/it' will be
(Font)              scaled to size 6.0pt on input line 79.
LaTeX Font Info:    Font shape `LMS/ntxsy/m/n' will be
(Font)              scaled to size 8.0pt on input line 79.
LaTeX Font Info:    Font shape `LMS/ntxsy/m/n' will be
(Font)              scaled to size 6.0pt on input line 79.
LaTeX Font Info:    Font shape `LMX/ntxexx/m/n' will be
(Font)              scaled to size 8.0pt on input line 79.
LaTeX Font Info:    Font shape `LMX/ntxexx/m/n' will be
(Font)              scaled to size 6.0pt on input line 79.
LaTeX Font Info:    Font shape `U/ntxmia/m/it' will be
(Font)              scaled to size 8.0pt on input line 79.
LaTeX Font Info:    Font shape `U/ntxmia/m/it' will be
(Font)              scaled to size 6.0pt on input line 79.
LaTeX Font Info:    Font shape `U/ntxsym/m/n' will be
(Font)              scaled to size 8.0pt on input line 79.
LaTeX Font Info:    Font shape `U/ntxsym/m/n' will be
(Font)              scaled to size 6.0pt on input line 79.
LaTeX Font Info:    Font shape `U/ntxsyc/m/n' will be
(Font)              scaled to size 8.0pt on input line 79.
LaTeX Font Info:    Font shape `U/ntxsyc/m/n' will be
(Font)              scaled to size 6.0pt on input line 79.
LaTeX Font Info:    Font shape `U/ntxexa/m/n' will be
(Font)              scaled to size 8.0pt on input line 79.
LaTeX Font Info:    Font shape `U/ntxexa/m/n' will be
(Font)              scaled to size 6.0pt on input line 79.


Package xcolor Warning: Incompatible color definition on input line 81.


Package xcolor Warning: Incompatible color definition on input line 84.




Package xcolor Warning: Incompatible color definition on input line 87.


Underfull \hbox (badness 10000) in paragraph at lines 101--101
[]\T1/ntxtlf/m/n/8 Wear-leveling
 []


Underfull \hbox (badness 10000) in paragraph at lines 107--107
[]\T1/ntxtlf/m/n/8 Over
 []


Underfull \hbox (badness 10000) in paragraph at lines 107--107
\T1/ntxtlf/m/n/8 Pro-vi-sion-ing
 []


Underfull \hbox (badness 10000) in paragraph at lines 109--109
[]\T1/ntxtlf/m/n/8 Data Place-ment
 []


Underfull \hbox (badness 10000) in paragraph at lines 111--111
[]\T1/ntxtlf/m/n/8 Write
 []


Underfull \hbox (badness 10000) in paragraph at lines 111--111
\T1/ntxtlf/m/n/8 Am-pli-fi-ca-tion
 []


Underfull \hbox (badness 10000) in paragraph at lines 111--111
\T1/ntxtlf/m/n/8 Fac-tor (WAF)
 []


Underfull \hbox (badness 2376) in paragraph at lines 111--111
[]\T1/ntxtlf/m/n/8 Analyze the write am-pli-fi-ca-tion
 []


Underfull \hbox (badness 7081) in paragraph at lines 113--113
[]\T1/ntxtlf/m/n/8 Allocation Poli-
 []


Underfull \hbox (badness 10000) in paragraph at lines 115--115
[]\T1/ntxtlf/m/n/8 Dynamic SSD
 []


Underfull \hbox (badness 10000) in paragraph at lines 117--117
[]\T1/ntxtlf/m/n/8 Web-Based
 []


Underfull \hbox (badness 10000) in paragraph at lines 117--117
\T1/ntxtlf/m/n/8 Ac-cess and
 []


Underfull \hbox (badness 10000) in paragraph at lines 119--119
[]\T1/ntxtlf/m/n/8 Automatic Log
 []


Underfull \hbox (badness 6825) in paragraph at lines 123--123
[]\T1/ntxtlf/m/n/8 Workload Trace
 []


Overfull \hbox (6.72209pt too wide) in paragraph at lines 97--126
 [][] 
 []

Excluding 'comment' comment.

Package xcolor Warning: Incompatible color definition on input line 174.



<notaglineLogo.png, id=190, 169.38281pt x 42.91031pt>
File: notaglineLogo.png Graphic file (type png)
<use notaglineLogo.png>
Package pdftex.def Info: notaglineLogo.png  used on input line 180.
(pdftex.def)             Requested size: 91.32pt x 23.1352pt.

Overfull \hbox (505.12177pt too wide) has occurred while \output is active
[]
 []


Overfull \hbox (505.12177pt too wide) has occurred while \output is active
[]
 []


Underfull \hbox (badness 10000) has occurred while \output is active
[]
 []

[2 <./notaglineLogo.png>]
Underfull \hbox (badness 10000) in paragraph at lines 192--192
[]\T1/ntxtlf/m/n/8 512B-4KB
 []


Underfull \hbox (badness 10000) in paragraph at lines 194--195
[]\T1/ntxtlf/m/n/8 3.27MB-
 []


Underfull \hbox (badness 10000) in paragraph at lines 194--195
\T1/ntxtlf/m/n/8 536GB
 []


Underfull \hbox (badness 10000) in paragraph at lines 200--201
[]\T1/ntxtlf/m/n/8 Any%
 []


Overfull \hbox (4.77458pt too wide) in paragraph at lines 204--204
[]\T1/ntxtlf/m/n/8 GC_thres_pcent_high| 
 []


Overfull \hbox (7.34117pt too wide) in paragraph at lines 185--216
 [][] 
 []

<fig/eyana_ssd_figure.png, id=210, 1701.35625pt x 768.8725pt>
File: fig/eyana_ssd_figure.png Graphic file (type png)
<use fig/eyana_ssd_figure.png>
Package pdftex.def Info: fig/eyana_ssd_figure.png  used on input line 220.
(pdftex.def)             Requested size: 505.11487pt x 233.31497pt.

Package xcolor Warning: Incompatible color definition on input line 226.


Package xcolor Warning: Incompatible color definition on input line 227.



<fig/Basic_SSD_Simulation.png, id=215, 963.6pt x 542.025pt>
File: fig/Basic_SSD_Simulation.png Graphic file (type png)
<use fig/Basic_SSD_Simulation.png>
Package pdftex.def Info: fig/Basic_SSD_Simulation.png  used on input line 234.
(pdftex.def)             Requested size: 242.6638pt x 113.80379pt.

Package xcolor Warning: Incompatible color definition on input line 238.


Package xcolor Warning: Incompatible color definition on input line 242.

Excluding 'comment' comment.
LaTeX Font Info:    Font shape `T1/ntxtlf/n/n' will be
(Font)              scaled to size 7.3pt on input line 265.
LaTeX Font Info:    Font shape `T1/ntxtlf/n/n' will be
(Font)              scaled to size 5.5pt on input line 265.
LaTeX Font Info:    Font shape `T1/ntxtlf/m/n' will be
(Font)              scaled to size 5.5pt on input line 293.

Overfull \hbox (3.8138pt too wide) in paragraph at lines 312--312
[]\T1/ntxtlf/b/n/8 Allocation
 []


Overfull \hbox (3.5985pt too wide) in paragraph at lines 314--314
[]\T1/ntxtlf/m/n/8 chip(CP)$\LMS/ntxsy/m/n/8 !$\T1/ntxtlf/m/n/8 die(DI)
 []


Underfull \hbox (badness 10000) in paragraph at lines 314--314
\LMS/ntxsy/m/n/8 !$\T1/ntxtlf/m/n/8 plane(PL)
 []


Overfull \hbox (2.22585pt too wide) in paragraph at lines 315--321
[][]| 
 []


Overfull \hbox (1.03163pt too wide) in paragraph at lines 310--324
 [][] 
 []


LaTeX Warning: `h' float specifier changed to `ht'.



File: notaglineLogo.png Graphic file (type png)
<use notaglineLogo.png>
Package pdftex.def Info: notaglineLogo.png  used on input line 326.
(pdftex.def)             Requested size: 91.32pt x 23.1352pt.

Overfull \hbox (505.12177pt too wide) has occurred while \output is active
[]
 []


Overfull \hbox (505.12177pt too wide) has occurred while \output is active
[]
 []


Underfull \hbox (badness 10000) has occurred while \output is active
[]
 []

[3{/usr/local/texlive/2025/texmf-dist/fonts/enc/dvips/newtx/ntx-ot1-tlf.enc}]


Package xcolor Warning: Incompatible color definition on input line 327.


Overfull \hbox (19.76624pt too wide) in paragraph at lines 336--337
[]\T1/ntxtlf/b/n/10 Implementation and Sys-tem Con-fig-u-ra-tion: []
 []



File: notaglineLogo.png Graphic file (type png)
<use notaglineLogo.png>
Package pdftex.def Info: notaglineLogo.png  used on input line 337.
(pdftex.def)             Requested size: 91.32pt x 23.1352pt.

Overfull \hbox (505.12177pt too wide) has occurred while \output is active
[]
 []


Overfull \hbox (505.12177pt too wide) has occurred while \output is active
[]
 []


Underfull \hbox (badness 10000) has occurred while \output is active
[]
 []

[4 <./fig/eyana_ssd_figure.png> <./fig/Basic_SSD_Simulation.png (PNG copy)>]
Overfull \hbox (4.14441pt too wide) in paragraph at lines 343--344
[]\T1/ntxtlf/b/n/10 Workload Sim-i-lar-ity Com-po-si-tion (WSC): \T1/ntxtlf/n/n
/10 Percentage-
 []


Package xcolor Warning: Incompatible color definition on input line 347.


Overfull \hbox (2.03542pt too wide) in paragraph at lines 356--356
[]\T1/ntxtlf/b/n/8 Symbol/Color| 
 []


Underfull \hbox (badness 2302) in paragraph at lines 356--357
[]\T1/ntxtlf/b/n/8 SSD Be-hav-ior Im-pli-ca-
 []


Underfull \hbox (badness 1881) in paragraph at lines 364--364
[]\T1/ntxtlf/m/n/8 High num-ber of in-
 []


Underfull \hbox (badness 10000) in paragraph at lines 366--366
[]\T1/ntxtlf/m/n/8 White /
 []


Underfull \hbox (badness 2717) in paragraph at lines 366--366
[]\T1/ntxtlf/m/n/8 Free block (con-tains
 []


Overfull \hbox (1.03206pt too wide) in paragraph at lines 354--369
 [][] 
 []


Package xcolor Warning: Incompatible color definition on input line 371.



<fig/layout/placement_comparison/seq_initial.png, id=268, 893.3375pt x 1112.155
pt>
File: fig/layout/placement_comparison/seq_initial.png Graphic file (type png)
<use fig/layout/placement_comparison/seq_initial.png>
Package pdftex.def Info: fig/layout/placement_comparison/seq_initial.png  used 
on input line 392.
(pdftex.def)             Requested size: 151.53821pt x 142.26031pt.
<fig/layout/placement_comparison/random_initial.png, id=269, 898.35625pt x 1110
.1475pt>
File: fig/layout/placement_comparison/random_initial.png Graphic file (type png
)
<use fig/layout/placement_comparison/random_initial.png>
Package pdftex.def Info: fig/layout/placement_comparison/random_initial.png  us
ed on input line 397.
(pdftex.def)             Requested size: 151.53967pt x 142.25761pt.
<fig/layout/placement_comparison/zipf_initial.png, id=270, 891.33pt x 1111.1512
5pt>
File: fig/layout/placement_comparison/zipf_initial.png Graphic file (type png)
<use fig/layout/placement_comparison/zipf_initial.png>
Package pdftex.def Info: fig/layout/placement_comparison/zipf_initial.png  used
 on input line 402.
(pdftex.def)             Requested size: 151.53769pt x 142.25061pt.
<fig/layout/placement_comparison/seq_final.png, id=271, 889.3225pt x 1112.155pt
>
File: fig/layout/placement_comparison/seq_final.png Graphic file (type png)
<use fig/layout/placement_comparison/seq_final.png>
Package pdftex.def Info: fig/layout/placement_comparison/seq_final.png  used on
 input line 411.
(pdftex.def)             Requested size: 151.53563pt x 142.26031pt.
<fig/layout/placement_comparison/random_final.png, id=272, 900.36375pt x 1110.1
475pt>
File: fig/layout/placement_comparison/random_final.png Graphic file (type png)
<use fig/layout/placement_comparison/random_final.png>
Package pdftex.def Info: fig/layout/placement_comparison/random_final.png  used
 on input line 416.
(pdftex.def)             Requested size: 151.53484pt x 142.25761pt.
<fig/layout/placement_comparison/zipf_final.png, id=273, 902.37125pt x 1113.158
75pt>
File: fig/layout/placement_comparison/zipf_final.png Graphic file (type png)
<use fig/layout/placement_comparison/zipf_final.png>
Package pdftex.def Info: fig/layout/placement_comparison/zipf_final.png  used o
n input line 421.
(pdftex.def)             Requested size: 151.52849pt x 142.25282pt.

LaTeX Warning: `h' float specifier changed to `ht'.


Package xcolor Warning: Incompatible color definition on input line 430.

<fig/layout/waf_erase_count_graph/waf_vs_time.png, id=275, 1334.9875pt x 848.16
875pt>
File: fig/layout/waf_erase_count_graph/waf_vs_time.png Graphic file (type png)
<use fig/layout/waf_erase_count_graph/waf_vs_time.png>
Package pdftex.def Info: fig/layout/waf_erase_count_graph/waf_vs_time.png  used
 on input line 442.
(pdftex.def)             Requested size: 256.07433pt x 142.25842pt.

Overfull \hbox (13.40077pt too wide) in paragraph at lines 442--443
 [][] 
 []


Package xcolor Warning: Incompatible color definition on input line 447.



File: notaglineLogo.png Graphic file (type png)
<use notaglineLogo.png>
Package pdftex.def Info: notaglineLogo.png  used on input line 451.
(pdftex.def)             Requested size: 91.32pt x 23.1352pt.

Overfull \hbox (505.12177pt too wide) has occurred while \output is active
[]
 []


Overfull \hbox (505.12177pt too wide) has occurred while \output is active
[]
 []


Underfull \hbox (badness 10000) has occurred while \output is active
[]
 []

[5]


LaTeX Warning: `h' float specifier changed to `ht'.


Package xcolor Warning: Incompatible color definition on input line 503.



File: notaglineLogo.png Graphic file (type png)
<use notaglineLogo.png>
Package pdftex.def Info: notaglineLogo.png  used on input line 509.
(pdftex.def)             Requested size: 91.32pt x 23.1352pt.

Overfull \hbox (505.12177pt too wide) has occurred while \output is active
[]
 []


Overfull \hbox (505.12177pt too wide) has occurred while \output is active
[]
 []


Underfull \hbox (badness 10000) has occurred while \output is active
[]
 []

[6 <./fig/layout/placement_comparison/seq_initial.png> <./fig/layout/placement_
comparison/random_initial.png> <./fig/layout/placement_comparison/zipf_initial.
png> <./fig/layout/placement_comparison/seq_final.png> <./fig/layout/placement_
comparison/random_final.png> <./fig/layout/placement_comparison/zipf_final.png>
 <./fig/layout/waf_erase_count_graph/waf_vs_time.png (PNG copy)>]
<fig/layout/waf_erase_count_graph/invalid_page_distribution.png, id=314, 883.3p
t x 466.74374pt>
File: fig/layout/waf_erase_count_graph/invalid_page_distribution.png Graphic fi
le (type png)
<use fig/layout/waf_erase_count_graph/invalid_page_distribution.png>
Package pdftex.def Info: fig/layout/waf_erase_count_graph/invalid_page_distribu
tion.png  used on input line 520.
(pdftex.def)             Requested size: 227.6174pt x 113.80838pt.


Package xcolor Warning: Incompatible color definition on input line 525.



<fig/layout/waf_erase_count_graph/erase_count_distribution.png, id=323, 883.3pt
 x 461.725pt>
File: fig/layout/waf_erase_count_graph/erase_count_distribution.png Graphic fil
e (type png)
<use fig/layout/waf_erase_count_graph/erase_count_distribution.png>
Package pdftex.def Info: fig/layout/waf_erase_count_graph/erase_count_distribut
ion.png  used on input line 541.
(pdftex.def)             Requested size: 227.6174pt x 113.81053pt.

Package xcolor Warning: Incompatible color definition on input line 546.



File: notaglineLogo.png Graphic file (type png)
<use notaglineLogo.png>
Package pdftex.def Info: notaglineLogo.png  used on input line 551.
(pdftex.def)             Requested size: 91.32pt x 23.1352pt.

Overfull \hbox (505.12177pt too wide) has occurred while \output is active
[]
 []


Overfull \hbox (505.12177pt too wide) has occurred while \output is active
[]
 []


Underfull \hbox (badness 10000) has occurred while \output is active
[]
 []

[7 <./fig/layout/waf_erase_count_graph/invalid_page_distribution.png (PNG copy)
> <./fig/layout/waf_erase_count_graph/erase_count_distribution.png (PNG copy)>]
<fig/allocation_policy_comparison_colored_values.png, id=331, 867.24pt x 433.62
pt>
File: fig/allocation_policy_comparison_colored_values.png Graphic file (type pn
g)
<use fig/allocation_policy_comparison_colored_values.png>
Package pdftex.def Info: fig/allocation_policy_comparison_colored_values.png  u
sed on input line 555.
(pdftex.def)             Requested size: 242.66675pt x 108.12022pt.
<fig/fft_plot.png, id=334, 1672.2475pt x 768.8725pt>
File: fig/fft_plot.png Graphic file (type png)
<use fig/fft_plot.png>
Package pdftex.def Info: fig/fft_plot.png  used on input line 574.
(pdftex.def)             Requested size: 242.66106pt x 108.11069pt.



Package xcolor Warning: Incompatible color definition on input line 589.

<fig/real_workload_analysis.png, id=344, 733.74126pt x 542.025pt>
File: fig/real_workload_analysis.png Graphic file (type png)
<use fig/real_workload_analysis.png>
Package pdftex.def Info: fig/real_workload_analysis.png  used on input line 597
.
(pdftex.def)             Requested size: 181.84503pt x 142.26302pt.
<fig/layout/placement_comparison/tpcc_op_25.png, id=345, 446.66875pt x 1094.087
5pt>
File: fig/layout/placement_comparison/tpcc_op_25.png Graphic file (type png)
<use fig/layout/placement_comparison/tpcc_op_25.png>
Package pdftex.def Info: fig/layout/placement_comparison/tpcc_op_25.png  used o
n input line 601.
(pdftex.def)             Requested size: 75.76228pt x 142.25305pt.
<fig/layout/placement_comparison/tpcc_op_10.png, id=346, 439.6425pt x 1089.0687
6pt>
File: fig/layout/placement_comparison/tpcc_op_10.png Graphic file (type png)
<use fig/layout/placement_comparison/tpcc_op_10.png>
Package pdftex.def Info: fig/layout/placement_comparison/tpcc_op_10.png  used o
n input line 605.
(pdftex.def)             Requested size: 75.76462pt x 142.24861pt.
<fig/layout/placement_comparison/msr_proxy_op_25.png, id=347, 441.65pt x 1088.0
65pt>
File: fig/layout/placement_comparison/msr_proxy_op_25.png Graphic file (type pn
g)
<use fig/layout/placement_comparison/msr_proxy_op_25.png>
Package pdftex.def Info: fig/layout/placement_comparison/msr_proxy_op_25.png  u
sed on input line 609.
(pdftex.def)             Requested size: 75.76015pt x 142.25034pt.
<fig/layout/placement_comparison/msr_proxy_op_10.png, id=348, 440.64626pt x 109
1.07625pt>
File: fig/layout/placement_comparison/msr_proxy_op_10.png Graphic file (type pn
g)
<use fig/layout/placement_comparison/msr_proxy_op_10.png>
Package pdftex.def Info: fig/layout/placement_comparison/msr_proxy_op_10.png  u
sed on input line 614.
(pdftex.def)             Requested size: 75.76277pt x 142.2611pt.

Overfull \hbox (4.77309pt too wide) in paragraph at lines 597--615
 [][][][][][][][][][] 
 []


LaTeX Warning: `h' float specifier changed to `ht'.


Package xcolor Warning: Incompatible color definition on input line 635.



File: notaglineLogo.png Graphic file (type png)
<use notaglineLogo.png>
Package pdftex.def Info: notaglineLogo.png  used on input line 641.
(pdftex.def)             Requested size: 91.32pt x 23.1352pt.

Overfull \hbox (505.12177pt too wide) has occurred while \output is active
[]
 []


Overfull \hbox (505.12177pt too wide) has occurred while \output is active
[]
 []


Underfull \hbox (badness 10000) has occurred while \output is active
[]
 []

[8 <./fig/allocation_policy_comparison_colored_values.png> <./fig/fft_plot.png 
(PNG copy)>]



File: notaglineLogo.png Graphic file (type png)
<use notaglineLogo.png>
Package pdftex.def Info: notaglineLogo.png  used on input line 655.
(pdftex.def)             Requested size: 91.32pt x 23.1352pt.

Overfull \hbox (505.12177pt too wide) has occurred while \output is active
[]
 []


Overfull \hbox (505.12177pt too wide) has occurred while \output is active
[]
 []


Underfull \hbox (badness 10000) has occurred while \output is active
[]
 []

[9 <./fig/real_workload_analysis.png> <./fig/layout/placement_comparison/tpcc_o
p_25.png> <./fig/layout/placement_comparison/tpcc_op_10.png> <./fig/layout/plac
ement_comparison/msr_proxy_op_25.png> <./fig/layout/placement_comparison/msr_pr
oxy_op_10.png>]
Underfull \hbox (badness 10000) in paragraph at lines 665--665
[]\T1/ntxtlf/b/n/8 WL
 []


Overfull \hbox (3.2807pt too wide) in paragraph at lines 665--665
\T1/ntxtlf/b/n/8 (OPS%)| 
 []


Overfull \hbox (1.59337pt too wide) in paragraph at lines 665--665
[]\T1/ntxtlf/b/n/8 UR
 []


Overfull \hbox (3.36937pt too wide) in paragraph at lines 665--665
\T1/ntxtlf/b/n/8 (%)| 
 []


Underfull \hbox (badness 10000) in paragraph at lines 665--665
[]\T1/ntxtlf/b/n/8 IR
 []


Overfull \hbox (3.36937pt too wide) in paragraph at lines 665--665
\T1/ntxtlf/b/n/8 (%)| 
 []


Overfull \hbox (0.71336pt too wide) in paragraph at lines 665--665
[]\T1/ntxtlf/b/n/8 SQ
 []


Overfull \hbox (3.36937pt too wide) in paragraph at lines 665--665
\T1/ntxtlf/b/n/8 (%)| 
 []


Overfull \hbox (3.36937pt too wide) in paragraph at lines 665--665
\T1/ntxtlf/b/n/8 (%)| 
 []


Underfull \hbox (badness 10000) in paragraph at lines 665--665
[]\T1/ntxtlf/b/n/8 Closest
 []


Underfull \hbox (badness 10000) in paragraph at lines 665--665
[]\T1/ntxtlf/b/n/8 OBS
 []


Underfull \hbox (badness 10000) in paragraph at lines 665--666
[]\T1/ntxtlf/b/n/8 Synth.
 []


Underfull \hbox (badness 10000) in paragraph at lines 667--667
[]\T1/ntxtlf/m/n/8 TPC-C
 []


Overfull \hbox (4.04137pt too wide) in paragraph at lines 667--667
[]\T1/ntxtlf/m/n/8 75.3| 
 []


Overfull \hbox (4.04137pt too wide) in paragraph at lines 667--667
[]\T1/ntxtlf/m/n/8 10.2| 
 []


Overfull \hbox (4.04137pt too wide) in paragraph at lines 667--667
[]\T1/ntxtlf/m/n/8 12.1| 
 []


Underfull \hbox (badness 10000) in paragraph at lines 669--669
[]\T1/ntxtlf/m/n/8 TPC-C
 []


Overfull \hbox (4.04137pt too wide) in paragraph at lines 669--669
[]\T1/ntxtlf/m/n/8 68.7| 
 []


Overfull \hbox (4.04137pt too wide) in paragraph at lines 669--669
[]\T1/ntxtlf/m/n/8 19.4| 
 []


Underfull \hbox (badness 10000) in paragraph at lines 671--671
[]\T1/ntxtlf/m/n/8 TPC-C
 []


Overfull \hbox (4.04137pt too wide) in paragraph at lines 671--671
[]\T1/ntxtlf/m/n/8 62.3| 
 []


Overfull \hbox (4.04137pt too wide) in paragraph at lines 671--671
[]\T1/ntxtlf/m/n/8 29.2| 
 []


Underfull \hbox (badness 10000) in paragraph at lines 673--673
[]\T1/ntxtlf/m/n/8 TPC-C
 []


Overfull \hbox (4.04137pt too wide) in paragraph at lines 673--673
[]\T1/ntxtlf/m/n/8 50.3| 
 []


Overfull \hbox (4.04137pt too wide) in paragraph at lines 673--673
[]\T1/ntxtlf/m/n/8 43.9| 
 []


Underfull \hbox (badness 10000) in paragraph at lines 675--675
[]\T1/ntxtlf/m/n/8 TPC-C
 []


Overfull \hbox (4.04137pt too wide) in paragraph at lines 675--675
[]\T1/ntxtlf/m/n/8 36.2| 
 []


Overfull \hbox (4.04137pt too wide) in paragraph at lines 675--675
[]\T1/ntxtlf/m/n/8 62.2| 
 []


Underfull \hbox (badness 10000) in paragraph at lines 677--677
[]\T1/ntxtlf/m/n/8 prxy
 []


Overfull \hbox (4.04137pt too wide) in paragraph at lines 677--677
[]\T1/ntxtlf/m/n/8 11.9| 
 []


Overfull \hbox (4.04137pt too wide) in paragraph at lines 677--677
[]\T1/ntxtlf/m/n/8 78.2| 
 []


Underfull \hbox (badness 10000) in paragraph at lines 679--679
[]\T1/ntxtlf/m/n/8 prxy
 []


Overfull \hbox (4.04137pt too wide) in paragraph at lines 679--679
[]\T1/ntxtlf/m/n/8 13.5| 
 []


Overfull \hbox (4.04137pt too wide) in paragraph at lines 679--679
[]\T1/ntxtlf/m/n/8 75.3| 
 []


Underfull \hbox (badness 10000) in paragraph at lines 681--681
[]\T1/ntxtlf/m/n/8 prxy
 []


Overfull \hbox (4.04137pt too wide) in paragraph at lines 681--681
[]\T1/ntxtlf/m/n/8 50.9| 
 []


Overfull \hbox (4.04137pt too wide) in paragraph at lines 681--681
[]\T1/ntxtlf/m/n/8 41.2| 
 []


Underfull \hbox (badness 10000) in paragraph at lines 683--683
[]\T1/ntxtlf/m/n/8 prxy
 []


Overfull \hbox (4.04137pt too wide) in paragraph at lines 683--683
[]\T1/ntxtlf/m/n/8 83.6| 
 []


Underfull \hbox (badness 10000) in paragraph at lines 685--685
[]\T1/ntxtlf/m/n/8 prxy
 []


Overfull \hbox (4.04137pt too wide) in paragraph at lines 685--685
[]\T1/ntxtlf/m/n/8 89.8| 
 []

<fig/cluster_timestemp1.png, id=421, 92.345pt x 300.12125pt>
File: fig/cluster_timestemp1.png Graphic file (type png)
<use fig/cluster_timestemp1.png>
Package pdftex.def Info: fig/cluster_timestemp1.png  used on input line 704.
(pdftex.def)             Requested size: 36.39906pt x 113.80913pt.
<fig/cluster_timestemp2.png, id=422, 96.36pt x 304.13625pt>
File: fig/cluster_timestemp2.png Graphic file (type png)
<use fig/cluster_timestemp2.png>
Package pdftex.def Info: fig/cluster_timestemp2.png  used on input line 708.
(pdftex.def)             Requested size: 36.39955pt x 113.80948pt.
<fig/cluster_timestemp3.png, id=423, 94.3525pt x 303.1325pt>
File: fig/cluster_timestemp3.png Graphic file (type png)
<use fig/cluster_timestemp3.png>
Package pdftex.def Info: fig/cluster_timestemp3.png  used on input line 712.
(pdftex.def)             Requested size: 36.39851pt x 113.81317pt.
<fig/cluster_timestemp4.png, id=424, 94.3525pt x 287.0725pt>
File: fig/cluster_timestemp4.png Graphic file (type png)
<use fig/cluster_timestemp4.png>
Package pdftex.def Info: fig/cluster_timestemp4.png  used on input line 716.
(pdftex.def)             Requested size: 36.39851pt x 113.81071pt.
<fig/cluster_timestemp5.png, id=425, 91.34125pt x 389.455pt>
File: fig/cluster_timestemp5.png Graphic file (type png)
<use fig/cluster_timestemp5.png>
Package pdftex.def Info: fig/cluster_timestemp5.png  used on input line 720.
(pdftex.def)             Requested size: 36.39926pt x 113.80667pt.

LaTeX Warning: `h' float specifier changed to `ht'.


Package xcolor Warning: Incompatible color definition on input line 726.





File: notaglineLogo.png Graphic file (type png)
<use notaglineLogo.png>
Package pdftex.def Info: notaglineLogo.png  used on input line 730.
(pdftex.def)             Requested size: 91.32pt x 23.1352pt.

Overfull \hbox (505.12177pt too wide) has occurred while \output is active
[]
 []


Overfull \hbox (505.12177pt too wide) has occurred while \output is active
[]
 []


Underfull \hbox (badness 10000) has occurred while \output is active
[]
 []

[10 <./fig/cluster_timestemp1.png> <./fig/cluster_timestemp2.png> <./fig/cluste
r_timestemp3.png> <./fig/cluster_timestemp4.png> <./fig/cluster_timestemp5.png>
]
Overfull \hbox (6.24991pt too wide) in paragraph at lines 744--744
[]\T1/ntxtlf/b/n/8 No.| 
 []


Overfull \hbox (4.5761pt too wide) in paragraph at lines 744--744
[]\T1/ntxtlf/b/n/8 Fig.| 
 []


Underfull \hbox (badness 10000) in paragraph at lines 744--744
[]\T1/ntxtlf/b/n/8 What It
 []


Overfull \hbox (4.01608pt too wide) in paragraph at lines 746--746
[]\T1/ntxtlf/m/n/8 Fig.
 []


Overfull \hbox (1.6801pt too wide) in paragraph at lines 746--746
[]\T1/ntxtlf/m/n/8 3a[]-
 []


Underfull \hbox (badness 10000) in paragraph at lines 746--746
[]\T1/ntxtlf/m/n/8 Data
 []


Underfull \hbox (badness 10000) in paragraph at lines 746--746
\T1/ntxtlf/m/n/8 place-ment
 []


Underfull \hbox (badness 10000) in paragraph at lines 746--746
\T1/ntxtlf/m/n/8 at GC
 []


Underfull \hbox (badness 10000) in paragraph at lines 746--746
\T1/ntxtlf/m/n/8 thresh-old
 []


Underfull \hbox (badness 10000) in paragraph at lines 746--746
\T1/ntxtlf/m/n/8 and af-ter
 []


Underfull \hbox (badness 10000) in paragraph at lines 746--746
[]\T1/ntxtlf/m/n/8 Page
 []


Underfull \hbox (badness 10000) in paragraph at lines 746--746
\T1/ntxtlf/m/n/8 va-lid-ity
 []


Underfull \hbox (badness 10000) in paragraph at lines 746--746
\T1/ntxtlf/m/n/8 dur-
 []


Underfull \hbox (badness 10000) in paragraph at lines 746--746
\T1/ntxtlf/m/n/8 ing/after
 []


Underfull \hbox (badness 2547) in paragraph at lines 746--746
\T1/ntxtlf/m/n/8 Seq: bal-anced;
 []


Underfull \hbox (badness 10000) in paragraph at lines 746--746
\T1/ntxtlf/m/n/8 wear-leveling
 []


Underfull \hbox (badness 10000) in paragraph at lines 746--747
[]\T1/ntxtlf/m/n/8 Visualize
 []


Underfull \hbox (badness 10000) in paragraph at lines 746--747
\T1/ntxtlf/m/n/8 work-load
 []


Overfull \hbox (4.01608pt too wide) in paragraph at lines 748--748
[]\T1/ntxtlf/m/n/8 Fig.
 []


Underfull \hbox (badness 10000) in paragraph at lines 748--748
[]\T1/ntxtlf/m/n/8 Fourier
 []


Underfull \hbox (badness 10000) in paragraph at lines 748--748
\T1/ntxtlf/m/n/8 trans-form
 []


Underfull \hbox (badness 10000) in paragraph at lines 748--748
\T1/ntxtlf/m/n/8 of erase
 []


Underfull \hbox (badness 10000) in paragraph at lines 748--748
[]\T1/ntxtlf/m/n/8 Hidden
 []


Underfull \hbox (badness 10000) in paragraph at lines 748--748
\T1/ntxtlf/m/n/8 pe-ri-odic
 []


Underfull \hbox (badness 10000) in paragraph at lines 748--748
\T1/ntxtlf/m/n/8 wear-
 []


Underfull \hbox (badness 10000) in paragraph at lines 748--748
\T1/ntxtlf/m/n/8 leveling
 []


Underfull \hbox (badness 10000) in paragraph at lines 748--748
[]\T1/ntxtlf/m/n/8 S1/S4 best
 []


Underfull \hbox (badness 6477) in paragraph at lines 748--748
\T1/ntxtlf/m/n/8 for se-quen-tial;
 []


Underfull \hbox (badness 10000) in paragraph at lines 748--748
\T1/ntxtlf/m/n/8 S3 best for
 []


Underfull \hbox (badness 4279) in paragraph at lines 748--748
\T1/ntxtlf/m/n/8 Zipf; S5 best
 []


Underfull \hbox (badness 10000) in paragraph at lines 748--748
\T1/ntxtlf/m/n/8 for uni-form
 []


Underfull \hbox (badness 10000) in paragraph at lines 748--749
[]\T1/ntxtlf/m/n/8 Compare
 []


Underfull \hbox (badness 10000) in paragraph at lines 748--749
\T1/ntxtlf/m/n/8 al-lo-ca-tion
 []


Underfull \hbox (badness 10000) in paragraph at lines 748--749
\T1/ntxtlf/m/n/8 pol-icy
 []


Overfull \hbox (4.01608pt too wide) in paragraph at lines 750--750
[]\T1/ntxtlf/m/n/8 Fig.
 []


Underfull \hbox (badness 10000) in paragraph at lines 750--750
\T1/ntxtlf/m/n/8 dis-tri-bu-tion
 []


Underfull \hbox (badness 10000) in paragraph at lines 750--750
\T1/ntxtlf/m/n/8 prxy with
 []


Underfull \hbox (badness 10000) in paragraph at lines 750--750
\T1/ntxtlf/m/n/8 OPS 10%
 []


Underfull \hbox (badness 10000) in paragraph at lines 750--750
[]\T1/ntxtlf/m/n/8 Effect
 []


Underfull \hbox (badness 10000) in paragraph at lines 750--750
[]\T1/ntxtlf/m/n/8 High DoIPD:
 []


Underfull \hbox (badness 10000) in paragraph at lines 750--750
\T1/ntxtlf/m/n/8 DoIPD: bet-ter
 []


Underfull \hbox (badness 10000) in paragraph at lines 750--751
[]\T1/ntxtlf/m/n/8 Trade-off:
 []


Underfull \hbox (badness 10000) in paragraph at lines 750--751
\T1/ntxtlf/m/n/8 per-for-
 []


Overfull \hbox (4.01608pt too wide) in paragraph at lines 752--752
[]\T1/ntxtlf/m/n/8 Fig.
 []


Overfull \hbox (2.1281pt too wide) in paragraph at lines 752--752
[]\T1/ntxtlf/m/n/8 9b[]-
 []


Underfull \hbox (badness 7907) in paragraph at lines 752--752
[]\T1/ntxtlf/m/n/8 Layouts of
 []


Underfull \hbox (badness 10000) in paragraph at lines 752--752
\T1/ntxtlf/m/n/8 valid/in-valid
 []


Overfull \hbox (0.87526pt too wide) in paragraph at lines 752--752
[]\T1/ntxtlf/m/n/8 Compare
 []


Underfull \hbox (badness 10000) in paragraph at lines 752--752
\T1/ntxtlf/m/n/8 data
 []


Underfull \hbox (badness 10000) in paragraph at lines 752--752
\T1/ntxtlf/m/n/8 clus-
 []


Underfull \hbox (badness 10000) in paragraph at lines 752--752
\T1/ntxtlf/m/n/8 ter-ing
 []


Underfull \hbox (badness 10000) in paragraph at lines 752--752
\T1/ntxtlf/m/n/8 across
 []


Underfull \hbox (badness 10000) in paragraph at lines 752--752
\T1/ntxtlf/m/n/8 work-
 []


Underfull \hbox (badness 10000) in paragraph at lines 752--752
[]\T1/ntxtlf/m/n/8 Clustering:
 []


Underfull \hbox (badness 10000) in paragraph at lines 752--752
\T1/ntxtlf/m/n/8 helps GC
 []


Underfull \hbox (badness 10000) in paragraph at lines 752--752
\T1/ntxtlf/m/n/8 but hurts
 []


Underfull \hbox (badness 10000) in paragraph at lines 752--752
\T1/ntxtlf/m/n/8 wear-leveling;
 []


Underfull \hbox (badness 10000) in paragraph at lines 752--752
\T1/ntxtlf/m/n/8 Uni-for-mity:
 []


Underfull \hbox (badness 10000) in paragraph at lines 752--752
\T1/ntxtlf/m/n/8 helps wear-
 []


Underfull \hbox (badness 10000) in paragraph at lines 752--752
\T1/ntxtlf/m/n/8 leveling but
 []


Underfull \hbox (badness 10000) in paragraph at lines 752--753
[]\T1/ntxtlf/m/n/8 Demons-
 []


Underfull \hbox (badness 10000) in paragraph at lines 752--753
\T1/ntxtlf/m/n/8 trates
 []


Underfull \hbox (badness 10000) in paragraph at lines 752--753
\T1/ntxtlf/m/n/8 OPS
 []


Underfull \hbox (badness 10000) in paragraph at lines 752--753
\T1/ntxtlf/m/n/8 im-pact
 []


Underfull \hbox (badness 10000) in paragraph at lines 752--753
\T1/ntxtlf/m/n/8 in real
 []


Package xcolor Warning: Incompatible color definition on input line 757.




Underfull \hbox (badness 10000) in paragraph at lines 769--770
[]\T1/ntxtlf/n/n/10 The over-all sim-i-lar-ity in trends sug-gests that
 []

<fig/latency_comparison_femu_vs_eyana.png, id=461, 867.24pt x 433.62pt>
File: fig/latency_comparison_femu_vs_eyana.png Graphic file (type png)
<use fig/latency_comparison_femu_vs_eyana.png>
Package pdftex.def Info: fig/latency_comparison_femu_vs_eyana.png  used on inpu
t line 773.
(pdftex.def)             Requested size: 242.66675pt x 108.12022pt.

Underfull \hbox (badness 7925) in paragraph at lines 774--774
[]\T1/ntxtlf/n/n/10 FIGURE 11: |Read la-tency dis-tri-bu-tion com-par-ing
 []

<fig/waf_comparison_workloads_10_25.png, id=462, 867.24pt x 433.62pt>
File: fig/waf_comparison_workloads_10_25.png Graphic file (type png)
<use fig/waf_comparison_workloads_10_25.png>
Package pdftex.def Info: fig/waf_comparison_workloads_10_25.png  used on input 
line 780.
(pdftex.def)             Requested size: 242.66675pt x 108.12022pt.

Underfull \hbox (badness 1817) in paragraph at lines 781--781
\T1/ntxtlf/n/n/10 form ran-dom, Zipf, TPC-C, and prxy work-loads for
 []


Underfull \hbox (badness 7081) in paragraph at lines 781--781
[]\T1/ntxtlf/n/n/10 , [] (10% OPS), and []
 []


Underfull \hbox (badness 1540) in paragraph at lines 781--781
\T1/ntxtlf/n/n/10 (25% OPS). Sim-i-lar trends across sim-u-la-tors val-i-date
 []


Package xcolor Warning: Incompatible color definition on input line 785.



File: notaglineLogo.png Graphic file (type png)
<use notaglineLogo.png>
Package pdftex.def Info: notaglineLogo.png  used on input line 788.
(pdftex.def)             Requested size: 91.32pt x 23.1352pt.

Overfull \hbox (505.12177pt too wide) has occurred while \output is active
[]
 []


Overfull \hbox (505.12177pt too wide) has occurred while \output is active
[]
 []


Underfull \hbox (badness 10000) has occurred while \output is active
[]
 []

[11]

Package xcolor Warning: Incompatible color definition on input line 789.


Package xcolor Warning: Incompatible color definition on input line 793.



Excluding 'comment' comment. (./fresh.bbl

Package xcolor Warning: Incompatible color definition on input line 2.

LaTeX Font Info:    Font shape `T1/ntxtlf/n/n' will be
(Font)              scaled to size 7.61pt on input line 2.

LaTeX Font Warning: Font shape `T1/ntxtlf/n/it' undefined
(Font)              using `T1/ntxtlf/n/n' instead on input line 25.

LaTeX Font Info:    Calculating math sizes for size <7.61> on input line 25.
LaTeX Font Info:    Font shape `OT1/minntx/m/n' will be
(Font)              scaled to size 7.61pt on input line 25.
LaTeX Font Info:    Font shape `OT1/minntx/m/n' will be
(Font)              scaled to size 5.55527pt on input line 25.
LaTeX Font Info:    Font shape `OT1/minntx/m/n' will be
(Font)              scaled to size 4.18552pt on input line 25.
LaTeX Font Info:    Font shape `OML/ntxmi/m/it' will be
(Font)              scaled to size 7.61pt on input line 25.
LaTeX Font Info:    Font shape `OML/ntxmi/m/it' will be
(Font)              scaled to size 5.55527pt on input line 25.
LaTeX Font Info:    Font shape `OML/ntxmi/m/it' will be
(Font)              scaled to size 4.18552pt on input line 25.
LaTeX Font Info:    Font shape `LMS/ntxsy/m/n' will be
(Font)              scaled to size 7.61pt on input line 25.
LaTeX Font Info:    Font shape `LMS/ntxsy/m/n' will be
(Font)              scaled to size 5.55527pt on input line 25.
LaTeX Font Info:    Font shape `LMS/ntxsy/m/n' will be
(Font)              scaled to size 4.18552pt on input line 25.
LaTeX Font Info:    Font shape `LMX/ntxexx/m/n' will be
(Font)              scaled to size 7.61pt on input line 25.
LaTeX Font Info:    Font shape `LMX/ntxexx/m/n' will be
(Font)              scaled to size 5.55527pt on input line 25.
LaTeX Font Info:    Font shape `LMX/ntxexx/m/n' will be
(Font)              scaled to size 4.18552pt on input line 25.
LaTeX Font Info:    Font shape `U/ntxmia/m/it' will be
(Font)              scaled to size 7.61pt on input line 25.
LaTeX Font Info:    Font shape `U/ntxmia/m/it' will be
(Font)              scaled to size 5.55527pt on input line 25.
LaTeX Font Info:    Font shape `U/ntxmia/m/it' will be
(Font)              scaled to size 4.18552pt on input line 25.
LaTeX Font Info:    Font shape `U/ntxsym/m/n' will be
(Font)              scaled to size 7.61pt on input line 25.
LaTeX Font Info:    Font shape `U/ntxsym/m/n' will be
(Font)              scaled to size 5.55527pt on input line 25.
LaTeX Font Info:    Font shape `U/ntxsym/m/n' will be
(Font)              scaled to size 4.18552pt on input line 25.
LaTeX Font Info:    Font shape `U/ntxsyc/m/n' will be
(Font)              scaled to size 7.61pt on input line 25.
LaTeX Font Info:    Font shape `U/ntxsyc/m/n' will be
(Font)              scaled to size 5.55527pt on input line 25.
LaTeX Font Info:    Font shape `U/ntxsyc/m/n' will be
(Font)              scaled to size 4.18552pt on input line 25.
LaTeX Font Info:    Font shape `U/ntxexa/m/n' will be
(Font)              scaled to size 7.61pt on input line 25.
LaTeX Font Info:    Font shape `U/ntxexa/m/n' will be
(Font)              scaled to size 5.55527pt on input line 25.
LaTeX Font Info:    Font shape `U/ntxexa/m/n' will be
(Font)              scaled to size 4.18552pt on input line 25.
LaTeX Font Info:    Font shape `T1/ntxtlf/n/it' will be
(Font)              scaled to size 7.61pt on input line 29.


LaTeX Font Info:    Font shape `T1/ntxtlf/m/n' will be
(Font)              scaled to size 7.61pt on input line 80.
File: notaglineLogo.png Graphic file (type png)
<use notaglineLogo.png>
Package pdftex.def Info: notaglineLogo.png  used on input line 80.
(pdftex.def)             Requested size: 91.32pt x 23.1352pt.

Overfull \hbox (505.12177pt too wide) has occurred while \output is active
[]
 []


Overfull \hbox (505.12177pt too wide) has occurred while \output is active
[]
 []


Underfull \hbox (badness 10000) has occurred while \output is active
[]
 []

[12 <./fig/latency_comparison_femu_vs_eyana.png> <./fig/waf_comparison_workload
s_10_25.png>])
LaTeX Font Info:    Font shape `T1/ntxtlf/n/n' will be
(Font)              scaled to size 8.0pt on input line 812.



Package hyperref Warning: The anchor of a bookmark and its parent's must not
(hyperref)                be the same. Added a new anchor on input line 812.

<fig/authors/habib.jpg, id=498, 3254.1575pt x 3775.10374pt>
File: fig/authors/habib.jpg Graphic file (type jpg)
<use fig/authors/habib.jpg>
Package pdftex.def Info: fig/authors/habib.jpg  used on input line 812.
(pdftex.def)             Requested size: 72.24712pt x 83.8129pt.
File: fig/authors/habib.jpg Graphic file (type jpg)
<use fig/authors/habib.jpg>
Package pdftex.def Info: fig/authors/habib.jpg  used on input line 812.
(pdftex.def)             Requested size: 72.24712pt x 83.8129pt.
<fig/authors/omar_faroque.jpg, id=501, 286.06876pt x 286.06876pt>
File: fig/authors/omar_faroque.jpg Graphic file (type jpg)
<use fig/authors/omar_faroque.jpg>
Package pdftex.def Info: fig/authors/omar_faroque.jpg  used on input line 821.
(pdftex.def)             Requested size: 72.26779pt x 72.26779pt.
File: fig/authors/omar_faroque.jpg Graphic file (type jpg)
<use fig/authors/omar_faroque.jpg>
Package pdftex.def Info: fig/authors/omar_faroque.jpg  used on input line 821.
(pdftex.def)             Requested size: 72.26779pt x 72.26779pt.
<fig/authors/moonseok.jpg, id=504, 85.2786pt x 113.7048pt>
File: fig/authors/moonseok.jpg Graphic file (type jpg)
<use fig/authors/moonseok.jpg>
Package pdftex.def Info: fig/authors/moonseok.jpg  used on input line 828.
(pdftex.def)             Requested size: 67.75319pt x 90.33762pt.
File: fig/authors/moonseok.jpg Graphic file (type jpg)
<use fig/authors/moonseok.jpg>
Package pdftex.def Info: fig/authors/moonseok.jpg  used on input line 828.
(pdftex.def)             Requested size: 67.75319pt x 90.33762pt.
<fig/authors/jaehokim.jpeg, id=507, 1204.5pt x 1505.625pt>
File: fig/authors/jaehokim.jpeg Graphic file (type jpg)
<use fig/authors/jaehokim.jpeg>
Package pdftex.def Info: fig/authors/jaehokim.jpeg  used on input line 831.
(pdftex.def)             Requested size: 72.26688pt x 90.3336pt.
File: fig/authors/jaehokim.jpeg Graphic file (type jpg)
<use fig/authors/jaehokim.jpeg>
Package pdftex.def Info: fig/authors/jaehokim.jpeg  used on input line 831.
(pdftex.def)             Requested size: 72.26688pt x 90.3336pt.
File: bullet.png Graphic file (type png)
<use bullet.png>
Package pdftex.def Info: bullet.png  used on input line 835.
(pdftex.def)             Requested size: 5.0pt x 14.6871pt.


File: notaglineLogo.png Graphic file (type png)
<use notaglineLogo.png>
Package pdftex.def Info: notaglineLogo.png  used on input line 837.
(pdftex.def)             Requested size: 91.32pt x 23.1352pt.

Overfull \hbox (505.12177pt too wide) has occurred while \output is active
[]
 []


Overfull \hbox (505.12177pt too wide) has occurred while \output is active
[]
 []


Underfull \hbox (badness 10000) has occurred while \output is active
[]
 []

[13 <./fig/authors/habib.jpg> <./fig/authors/omar_faroque.jpg> <./fig/authors/m
oonseok.jpg> <./fig/authors/jaehokim.jpeg>] (./fresh.aux)
 ***********
LaTeX2e <2024-11-01> patch level 2
L3 programming layer <2020/03/25>
 ***********


LaTeX Font Warning: Some font shapes were not available, defaults substituted.


Package rerunfilecheck Warning: File `fresh.out' has changed.
(rerunfilecheck)                Rerun to get outlines right
(rerunfilecheck)                or use package `bookmark'.

Package rerunfilecheck Info: Checksums for `fresh.out':
(rerunfilecheck)             Before: FECA115BC9A83578FAEE386A1277A768;6320
(rerunfilecheck)             After:  831039B8F5CD53EE45A218F2AAFC98B2;6338.
 ) 
Here is how much of TeX's memory you used:
 19241 strings out of 473190
 304035 string characters out of 5715800
 720531 words of memory out of 5000000
 42034 multiletter control sequences out of 15000+600000
 827228 words of font info for 302 fonts, out of 8000000 for 9000
 1141 hyphenation exceptions out of 8191
 90i,23n,136p,1340b,661s stack positions out of 10000i,1000n,20000p,200000b,200000s

pdfTeX warning (dest): name{section*.21} has been referenced but does not exist
, replaced by a fixed one

</usr/local/texlive/2025/texmf-dist/fonts/type1/public/newtx/NewTXMI.pfb></usr/
local/texlive/2025/texmf-dist/fonts/type1/public/newtx/NewTXMI5.pfb></usr/local
/texlive/2025/texmf-dist/fonts/type1/public/newtx/NewTXMI7.pfb></usr/local/texl
ive/2025/texmf-dist/fonts/type1/public/newtx/txexs.pfb></usr/local/texlive/2025
/texmf-dist/fonts/type1/public/newtx/txmiaX.pfb></usr/local/texlive/2025/texmf-
dist/fonts/type1/public/newtx/txsys.pfb></usr/local/texlive/2025/texmf-dist/fon
ts/type1/urw/courier/ucrr8a.pfb></usr/local/texlive/2025/texmf-dist/fonts/type1
/urw/helvetic/uhvb8a.pfb></usr/local/texlive/2025/texmf-dist/fonts/type1/urw/he
lvetic/uhvbo8a.pfb></usr/local/texlive/2025/texmf-dist/fonts/type1/urw/helvetic
/uhvr8a.pfb></usr/local/texlive/2025/texmf-dist/fonts/type1/urw/helvetic/uhvro8
a.pfb></usr/local/texlive/2025/texmf-dist/fonts/type1/public/newtx/ztmb.pfb></u
sr/local/texlive/2025/texmf-dist/fonts/type1/public/newtx/ztmr.pfb></usr/local/
texlive/2025/texmf-dist/fonts/type1/public/newtx/ztmri.pfb>
Output written on fresh.pdf (13 pages, 4003403 bytes).
PDF statistics:
 613 PDF objects out of 1000 (max. 8388607)
 502 compressed objects within 6 object streams
 114 named destinations out of 1000 (max. 500000)
 454 words of extra memory for PDF output out of 10000 (max. 10000000)

